Component: ARM Compiler 5.06 update 7 (build 960) Tool: armlink [4d3601]

==============================================================================

Section Cross References

    startup_stm32f103xe.o(STACK) refers (Special) to heapauxi.o(.text) for __use_two_region_memory
    startup_stm32f103xe.o(HEAP) refers (Special) to heapauxi.o(.text) for __use_two_region_memory
    startup_stm32f103xe.o(RESET) refers (Special) to heapauxi.o(.text) for __use_two_region_memory
    startup_stm32f103xe.o(RESET) refers to startup_stm32f103xe.o(STACK) for __initial_sp
    startup_stm32f103xe.o(RESET) refers to startup_stm32f103xe.o(.text) for Reset_Handler
    startup_stm32f103xe.o(RESET) refers to stm32f1xx_it.o(i.NMI_Handler) for NMI_Handler
    startup_stm32f103xe.o(RESET) refers to stm32f1xx_it.o(i.HardFault_Handler) for HardFault_Handler
    startup_stm32f103xe.o(RESET) refers to stm32f1xx_it.o(i.MemManage_Handler) for MemManage_Handler
    startup_stm32f103xe.o(RESET) refers to stm32f1xx_it.o(i.BusFault_Handler) for BusFault_Handler
    startup_stm32f103xe.o(RESET) refers to stm32f1xx_it.o(i.UsageFault_Handler) for UsageFault_Handler
    startup_stm32f103xe.o(RESET) refers to port.o(.emb_text) for SVC_Handler
    startup_stm32f103xe.o(RESET) refers to stm32f1xx_it.o(i.DebugMon_Handler) for DebugMon_Handler
    startup_stm32f103xe.o(RESET) refers to port.o(i.SysTick_Handler) for SysTick_Handler
    startup_stm32f103xe.o(RESET) refers to stm32f1xx_it.o(i.EXTI1_IRQHandler) for EXTI1_IRQHandler
    startup_stm32f103xe.o(RESET) refers to stm32f1xx_it.o(i.EXTI9_5_IRQHandler) for EXTI9_5_IRQHandler
    startup_stm32f103xe.o(RESET) refers to stm32f1xx_it.o(i.TIM1_BRK_IRQHandler) for TIM1_BRK_IRQHandler
    startup_stm32f103xe.o(RESET) refers to stm32f1xx_it.o(i.TIM4_IRQHandler) for TIM4_IRQHandler
    startup_stm32f103xe.o(.text) refers (Special) to heapauxi.o(.text) for __use_two_region_memory
    startup_stm32f103xe.o(.text) refers to system_stm32f1xx.o(i.SystemInit) for SystemInit
    startup_stm32f103xe.o(.text) refers to __main.o(!!!main) for __main
    startup_stm32f103xe.o(.text) refers to startup_stm32f103xe.o(HEAP) for Heap_Mem
    startup_stm32f103xe.o(.text) refers to startup_stm32f103xe.o(STACK) for Stack_Mem
    main.o(i.HAL_TIM_PeriodElapsedCallback) refers to stm32f1xx_hal.o(i.HAL_IncTick) for HAL_IncTick
    main.o(i.SystemClock_Config) refers to rt_memclr_w.o(.text) for __aeabi_memclr4
    main.o(i.SystemClock_Config) refers to stm32f1xx_hal_rcc.o(i.HAL_RCC_OscConfig) for HAL_RCC_OscConfig
    main.o(i.SystemClock_Config) refers to stm32f1xx_hal_rcc.o(i.HAL_RCC_ClockConfig) for HAL_RCC_ClockConfig
    main.o(i.main) refers to stm32f1xx_hal.o(i.HAL_Init) for HAL_Init
    main.o(i.main) refers to main.o(i.SystemClock_Config) for SystemClock_Config
    main.o(i.main) refers to gpio.o(i.MX_GPIO_Init) for MX_GPIO_Init
    main.o(i.main) refers to i2c.o(i.MX_I2C1_Init) for MX_I2C1_Init
    main.o(i.main) refers to tim.o(i.MX_TIM1_Init) for MX_TIM1_Init
    main.o(i.main) refers to cmsis_os2.o(i.osKernelInitialize) for osKernelInitialize
    main.o(i.main) refers to freertos.o(i.MX_FREERTOS_Init) for MX_FREERTOS_Init
    main.o(i.main) refers to cmsis_os2.o(i.osKernelStart) for osKernelStart
    gpio.o(i.MX_GPIO_Init) refers to stm32f1xx_hal_gpio.o(i.HAL_GPIO_WritePin) for HAL_GPIO_WritePin
    gpio.o(i.MX_GPIO_Init) refers to stm32f1xx_hal_gpio.o(i.HAL_GPIO_Init) for HAL_GPIO_Init
    gpio.o(i.MX_GPIO_Init) refers to stm32f1xx_hal_cortex.o(i.HAL_NVIC_SetPriority) for HAL_NVIC_SetPriority
    gpio.o(i.MX_GPIO_Init) refers to stm32f1xx_hal_cortex.o(i.HAL_NVIC_EnableIRQ) for HAL_NVIC_EnableIRQ
    freertos.o(i.HAL_GPIO_EXTI_Callback) refers to driver_led.o(i.Led_Control) for Led_Control
    freertos.o(i.HAL_GPIO_EXTI_Callback) refers to queue.o(i.xQueueGenericSendFromISR) for xQueueGenericSendFromISR
    freertos.o(i.HAL_GPIO_EXTI_Callback) refers to stm32f1xx_hal_gpio.o(i.HAL_GPIO_WritePin) for HAL_GPIO_WritePin
    freertos.o(i.HAL_GPIO_EXTI_Callback) refers to showmenu.o(.data) for seclect_end
    freertos.o(i.HAL_GPIO_EXTI_Callback) refers to freertos.o(.data) for .data
    freertos.o(i.HAL_GPIO_EXTI_Callback) refers to showmenu.o(.data) for end_flag
    freertos.o(i.MX_FREERTOS_Init) refers to beep.o(i.buzzer_init) for buzzer_init
    freertos.o(i.MX_FREERTOS_Init) refers to timers.o(i.xTimerCreate) for xTimerCreate
    freertos.o(i.MX_FREERTOS_Init) refers to cmsis_os2.o(i.osThreadNew) for osThreadNew
    freertos.o(i.MX_FREERTOS_Init) refers to tasks.o(i.xTaskCreate) for xTaskCreate
    freertos.o(i.MX_FREERTOS_Init) refers to showtimetask.o(i.TimerCallBackFun) for TimerCallBackFun
    freertos.o(i.MX_FREERTOS_Init) refers to freertos.o(.data) for .data
    freertos.o(i.MX_FREERTOS_Init) refers to showclock.o(i.ClockTimerCallBackFun) for ClockTimerCallBackFun
    freertos.o(i.MX_FREERTOS_Init) refers to freertos.o(.constdata) for .constdata
[...]
    ADC1_2_IRQHandler                        0x080002bf   Thumb Code     0  startup_stm32f103xe.o(.text)
    ADC3_IRQHandler                          0x080002bf   Thumb Code     0  startup_stm32f103xe.o(.text)
    CAN1_RX1_IRQHandler                      0x080002bf   Thumb Code     0  startup_stm32f103xe.o(.text)
    CAN1_SCE_IRQHandler                      0x080002bf   Thumb Code     0  startup_stm32f103xe.o(.text)
    DMA1_Channel1_IRQHandler                 0x080002bf   Thumb Code     0  startup_stm32f103xe.o(.text)
    DMA1_Channel2_IRQHandler                 0x080002bf   Thumb Code     0  startup_stm32f103xe.o(.text)
    DMA1_Channel3_IRQHandler                 0x080002bf   Thumb Code     0  startup_stm32f103xe.o(.text)
    DMA1_Channel4_IRQHandler                 0x080002bf   Thumb Code     0  startup_stm32f103xe.o(.text)
    DMA1_Channel5_IRQHandler                 0x080002bf   Thumb Code     0  startup_stm32f103xe.o(.text)
    DMA1_Channel6_IRQHandler                 0x080002bf   Thumb Code     0  startup_stm32f103xe.o(.text)
    DMA1_Channel7_IRQHandler                 0x080002bf   Thumb Code     0  startup_stm32f103xe.o(.text)
    DMA2_Channel1_IRQHandler                 0x080002bf   Thumb Code     0  startup_stm32f103xe.o(.text)
    DMA2_Channel2_IRQHandler                 0x080002bf   Thumb Code     0  startup_stm32f103xe.o(.text)
    DMA2_Channel3_IRQHandler                 0x080002bf   Thumb Code     0  startup_stm32f103xe.o(.text)
    DMA2_Channel4_5_IRQHandler               0x080002bf   Thumb Code     0  startup_stm32f103xe.o(.text)
    EXTI0_IRQHandler                         0x080002bf   Thumb Code     0  startup_stm32f103xe.o(.text)
    EXTI15_10_IRQHandler                     0x080002bf   Thumb Code     0  startup_stm32f103xe.o(.text)
    EXTI2_IRQHandler                         0x080002bf   Thumb Code     0  startup_stm32f103xe.o(.text)
    EXTI3_IRQHandler                         0x080002bf   Thumb Code     0  startup_stm32f103xe.o(.text)
    EXTI4_IRQHandler                         0x080002bf   Thumb Code     0  startup_stm32f103xe.o(.text)
    FLASH_IRQHandler                         0x080002bf   Thumb Code     0  startup_stm32f103xe.o(.text)
    FSMC_IRQHandler                          0x080002bf   Thumb Code     0  startup_stm32f103xe.o(.text)
    I2C1_ER_IRQHandler                       0x080002bf   Thumb Code     0  startup_stm32f103xe.o(.text)
    I2C1_EV_IRQHandler                       0x080002bf   Thumb Code     0  startup_stm32f103xe.o(.text)
    I2C2_ER_IRQHandler                       0x080002bf   Thumb Code     0  startup_stm32f103xe.o(.text)
    I2C2_EV_IRQHandler                       0x080002bf   Thumb Code     0  startup_stm32f103xe.o(.text)
    PVD_IRQHandler                           0x080002bf   Thumb Code     0  startup_stm32f103xe.o(.text)
    RCC_IRQHandler                           0x080002bf   Thumb Code     0  startup_stm32f103xe.o(.text)
    RTC_Alarm_IRQHandler                     0x080002bf   Thumb Code     0  startup_stm32f103xe.o(.text)
    RTC_IRQHandler                           0x080002bf   Thumb Code     0  startup_stm32f103xe.o(.text)
    SDIO_IRQHandler                          0x080002bf   Thumb Code     0  startup_stm32f103xe.o(.text)
    SPI1_IRQHandler                          0x080002bf   Thumb Code     0  startup_stm32f103xe.o(.text)
    SPI2_IRQHandler                          0x080002bf   Thumb Code     0  startup_stm32f103xe.o(.text)
    SPI3_IRQHandler                          0x080002bf   Thumb Code     0  startup_stm32f103xe.o(.text)
    TAMPER_IRQHandler                        0x080002bf   Thumb Code     0  startup_stm32f103xe.o(.text)
    TIM1_CC_IRQHandler                       0x080002bf   Thumb Code     0  startup_stm32f103xe.o(.text)
    TIM1_TRG_COM_IRQHandler                  0x080002bf   Thumb Code     0  startup_stm32f103xe.o(.text)
    TIM1_UP_IRQHandler                       0x080002bf   Thumb Code     0  startup_stm32f103xe.o(.text)
    TIM2_IRQHandler                          0x080002bf   Thumb Code     0  startup_stm32f103xe.o(.text)
    TIM3_IRQHandler                          0x080002bf   Thumb Code     0  startup_stm32f103xe.o(.text)
    TIM5_IRQHandler                          0x080002bf   Thumb Code     0  startup_stm32f103xe.o(.text)
    TIM6_IRQHandler                          0x080002bf   Thumb Code     0  startup_stm32f103xe.o(.text)
    TIM7_IRQHandler                          0x080002bf   Thumb Code     0  startup_stm32f103xe.o(.text)
    TIM8_BRK_IRQHandler                      0x080002bf   Thumb Code     0  startup_stm32f103xe.o(.text)
    TIM8_CC_IRQHandler                       0x080002bf   Thumb Code     0  startup_stm32f103xe.o(.text)
    TIM8_TRG_COM_IRQHandler                  0x080002bf   Thumb Code     0  startup_stm32f103xe.o(.text)
    TIM8_UP_IRQHandler                       0x080002bf   Thumb Code     0  startup_stm32f103xe.o(.text)
    UART4_IRQHandler                         0x080002bf   Thumb Code     0  startup_stm32f103xe.o(.text)
    UART5_IRQHandler                         0x080002bf   Thumb Code     0  startup_stm32f103xe.o(.text)
    USART1_IRQHandler                        0x080002bf   Thumb Code     0  startup_stm32f103xe.o(.text)
    USART2_IRQHandler                        0x080002bf   Thumb Code     0  startup_stm32f103xe.o(.text)
    USART3_IRQHandler                        0x080002bf   Thumb Code     0  startup_stm32f103xe.o(.text)
    USBWakeUp_IRQHandler                     0x080002bf   Thumb Code     0  startup_stm32f103xe.o(.text)
    USB_HP_CAN1_TX_IRQHandler                0x080002bf   Thumb Code     0  startup_stm32f103xe.o(.text)
    USB_LP_CAN1_RX0_IRQHandler               0x080002bf   Thumb Code     0  startup_stm32f103xe.o(.text)
    WWDG_IRQHandler                          0x080002bf   Thumb Code     0  startup_stm32f103xe.o(.text)
    __user_initial_stackheap                 0x080002c1   Thumb Code     0  startup_stm32f103xe.o(.text)
    __aeabi_memcpy                           0x080002e5   Thumb Code     0  rt_memcpy_v6.o(.text)
    __rt_memcpy                              0x080002e5   Thumb Code   138  rt_memcpy_v6.o(.text)
    _memcpy_lastbytes                        0x0800034b   Thumb Code     0  rt_memcpy_v6.o(.text)
    __aeabi_memcpy4                          0x0800036f   Thumb Code     0  rt_memcpy_w.o(.text)
    __aeabi_memcpy8                          0x0800036f   Thumb Code     0  rt_memcpy_w.o(.text)
    __rt_memcpy_w                            0x0800036f   Thumb Code   100  rt_memcpy_w.o(.text)
    _memcpy_lastbytes_aligned                0x080003b7   Thumb Code     0  rt_memcpy_w.o(.text)
    __aeabi_memset                           0x080003d3   Thumb Code    16  aeabi_memset.o(.text)
    __aeabi_memclr                           0x080003e3   Thumb Code     0  rt_memclr.o(.text)
    __rt_memclr                              0x080003e3   Thumb Code    68  rt_memclr.o(.text)
    _memset                                  0x080003e7   Thumb Code     0  rt_memclr.o(.text)
    __aeabi_memclr4                          0x08000427   Thumb Code     0  rt_memclr_w.o(.text)
    __aeabi_memclr8                          0x08000427   Thumb Code     0  rt_memclr_w.o(.text)
    __rt_memclr_w                            0x08000427   Thumb Code    78  rt_memclr_w.o(.text)
    _memset_w                                0x0800042b   Thumb Code     0  rt_memclr_w.o(.text)
    __use_two_region_memory                  0x08000475   Thumb Code     2  heapauxi.o(.text)
    __rt_heap_escrow$2region                 0x08000477   Thumb Code     2  heapauxi.o(.text)
    __rt_heap_expand$2region                 0x08000479   Thumb Code     2  heapauxi.o(.text)
    __user_setup_stackheap                   0x0800047b   Thumb Code    74  sys_stackheap_outer.o(.text)
    exit                                     0x080004c5   Thumb Code    18  exit.o(.text)
    __user_libspace                          0x080004d9   Thumb Code     8  libspace.o(.text)
    __user_perproc_libspace                  0x080004d9   Thumb Code     0  libspace.o(.text)
    __user_perthread_libspace                0x080004d9   Thumb Code     0  libspace.o(.text)
    _sys_exit                                0x080004e1   Thumb Code     8  sys_exit.o(.text)
    __I$use$semihosting                      0x080004ed   Thumb Code     0  use_no_semi.o(.text)
    __use_no_semihosting_swi                 0x080004ed   Thumb Code     2  use_no_semi.o(.text)
    BusFault_Handler                         0x080004ef   Thumb Code     2  stm32f1xx_it.o(i.BusFault_Handler)
    __semihosting_library_function           0x080004ef   Thumb Code     0  indicate_semi.o(.text)
    ClockTimerCallBackFun                    0x080004f1   Thumb Code    70  showclock.o(i.ClockTimerCallBackFun)
    DHT11_Init                               0x0800053d   Thumb Code     6  driver_dht11.o(i.DHT11_Init)
    DHT11_Read                               0x08000575   Thumb Code   138  driver_dht11.o(i.DHT11_Read)
    DebugMon_Handler                         0x0800066f   Thumb Code     2  stm32f1xx_it.o(i.DebugMon_Handler)
    EXTI1_IRQHandler                         0x08000671   Thumb Code     6  stm32f1xx_it.o(i.EXTI1_IRQHandler)
    EXTI9_5_IRQHandler                       0x08000677   Thumb Code    26  stm32f1xx_it.o(i.EXTI9_5_IRQHandler)
    Error_Handler                            0x08000691   Thumb Code     4  main.o(i.Error_Handler)
    HAL_Delay                                0x08000695   Thumb Code    32  stm32f1xx_hal.o(i.HAL_Delay)
    HAL_GPIO_EXTI_Callback                   0x080006b9   Thumb Code   148  freertos.o(i.HAL_GPIO_EXTI_Callback)
    HAL_GPIO_EXTI_IRQHandler                 0x0800075d   Thumb Code    18  stm32f1xx_hal_gpio.o(i.HAL_GPIO_EXTI_IRQHandler)
    HAL_GPIO_Init                            0x08000775   Thumb Code   462  stm32f1xx_hal_gpio.o(i.HAL_GPIO_Init)
    HAL_GPIO_ReadPin                         0x0800096d   Thumb Code    10  stm32f1xx_hal_gpio.o(i.HAL_GPIO_ReadPin)
    HAL_GPIO_WritePin                        0x08000977   Thumb Code    10  stm32f1xx_hal_gpio.o(i.HAL_GPIO_WritePin)
    HAL_GetTick                              0x08000981   Thumb Code     6  stm32f1xx_hal.o(i.HAL_GetTick)
    HAL_I2C_Init                             0x0800098d   Thumb Code   376  stm32f1xx_hal_i2c.o(i.HAL_I2C_Init)
    HAL_I2C_Master_Transmit                  0x08000b15   Thumb Code   290  stm32f1xx_hal_i2c.o(i.HAL_I2C_Master_Transmit)
    HAL_I2C_MspInit                          0x08000c41   Thumb Code    80  i2c.o(i.HAL_I2C_MspInit)
    HAL_IncTick                              0x08000c9d   Thumb Code    12  stm32f1xx_hal.o(i.HAL_IncTick)
    HAL_Init                                 0x08000cad   Thumb Code    32  stm32f1xx_hal.o(i.HAL_Init)
    HAL_InitTick                             0x08000cd1   Thumb Code   132  stm32f1xx_hal_timebase_tim.o(i.HAL_InitTick)
    HAL_MspInit                              0x08000d69   Thumb Code    62  stm32f1xx_hal_msp.o(i.HAL_MspInit)
    HAL_NVIC_DisableIRQ                      0x08000db1   Thumb Code    34  stm32f1xx_hal_cortex.o(i.HAL_NVIC_DisableIRQ)
    HAL_NVIC_EnableIRQ                       0x08000dd3   Thumb Code    26  stm32f1xx_hal_cortex.o(i.HAL_NVIC_EnableIRQ)
    HAL_NVIC_SetPriority                     0x08000ded   Thumb Code    60  stm32f1xx_hal_cortex.o(i.HAL_NVIC_SetPriority)
    HAL_NVIC_SetPriorityGrouping             0x08000e2d   Thumb Code    26  stm32f1xx_hal_cortex.o(i.HAL_NVIC_SetPriorityGrouping)
    HAL_RCC_ClockConfig                      0x08000e51   Thumb Code   280  stm32f1xx_hal_rcc.o(i.HAL_RCC_ClockConfig)
    HAL_RCC_GetClockConfig                   0x08000f7d   Thumb Code    54  stm32f1xx_hal_rcc.o(i.HAL_RCC_GetClockConfig)
    HAL_RCC_GetPCLK1Freq                     0x08000fbd   Thumb Code    20  stm32f1xx_hal_rcc.o(i.HAL_RCC_GetPCLK1Freq)
    HAL_RCC_GetSysClockFreq                  0x08000fdd   Thumb Code    58  stm32f1xx_hal_rcc.o(i.HAL_RCC_GetSysClockFreq)
    HAL_RCC_OscConfig                        0x08001029   Thumb Code   778  stm32f1xx_hal_rcc.o(i.HAL_RCC_OscConfig)
    HAL_TIMEx_BreakCallback                  0x08001349   Thumb Code     2  stm32f1xx_hal_tim_ex.o(i.HAL_TIMEx_BreakCallback)
    HAL_TIMEx_CommutCallback                 0x0800134b   Thumb Code     2  stm32f1xx_hal_tim_ex.o(i.HAL_TIMEx_CommutCallback)
    HAL_TIMEx_MasterConfigSynchronization    0x0800134d   Thumb Code   104  stm32f1xx_hal_tim_ex.o(i.HAL_TIMEx_MasterConfigSynchronization)
    HAL_TIM_Base_DeInit                      0x080013c9   Thumb Code    92  stm32f1xx_hal_tim.o(i.HAL_TIM_Base_DeInit)
    HAL_TIM_Base_Init                        0x08001425   Thumb Code    90  stm32f1xx_hal_tim.o(i.HAL_TIM_Base_Init)
    HAL_TIM_Base_MspDeInit                   0x08001481   Thumb Code    26  tim.o(i.HAL_TIM_Base_MspDeInit)
    HAL_TIM_Base_MspInit                     0x080014a5   Thumb Code    50  tim.o(i.HAL_TIM_Base_MspInit)
    HAL_TIM_Base_Start_IT                    0x080014e1   Thumb Code    88  stm32f1xx_hal_tim.o(i.HAL_TIM_Base_Start_IT)
    HAL_TIM_ConfigClockSource                0x0800154d   Thumb Code   220  stm32f1xx_hal_tim.o(i.HAL_TIM_ConfigClockSource)
    HAL_TIM_IC_CaptureCallback               0x08001629   Thumb Code     2  stm32f1xx_hal_tim.o(i.HAL_TIM_IC_CaptureCallback)
    HAL_TIM_IRQHandler                       0x0800162b   Thumb Code   358  stm32f1xx_hal_tim.o(i.HAL_TIM_IRQHandler)
    HAL_TIM_OC_DelayElapsedCallback          0x08001791   Thumb Code     2  stm32f1xx_hal_tim.o(i.HAL_TIM_OC_DelayElapsedCallback)
    HAL_TIM_PWM_ConfigChannel                0x08001793   Thumb Code   204  stm32f1xx_hal_tim.o(i.HAL_TIM_PWM_ConfigChannel)
    HAL_TIM_PWM_PulseFinishedCallback        0x0800185f   Thumb Code     2  stm32f1xx_hal_tim.o(i.HAL_TIM_PWM_PulseFinishedCallback)
    HAL_TIM_PWM_Start                        0x08001861   Thumb Code   160  stm32f1xx_hal_tim.o(i.HAL_TIM_PWM_Start)
    HAL_TIM_PWM_Stop                         0x08001915   Thumb Code   114  stm32f1xx_hal_tim.o(i.HAL_TIM_PWM_Stop)
    HAL_TIM_PeriodElapsedCallback            0x08001991   Thumb Code    14  main.o(i.HAL_TIM_PeriodElapsedCallback)
    HAL_TIM_TriggerCallback                  0x080019a5   Thumb Code     2  stm32f1xx_hal_tim.o(i.HAL_TIM_TriggerCallback)
    HardFault_Handler                        0x080019a7   Thumb Code     2  stm32f1xx_it.o(i.HardFault_Handler)
    Led_Control                              0x08001c71   Thumb Code    26  driver_led.o(i.Led_Control)
    MX_FREERTOS_Init                         0x08001c91   Thumb Code   204  freertos.o(i.MX_FREERTOS_Init)
    MX_GPIO_Init                             0x08001e1d   Thumb Code   242  gpio.o(i.MX_GPIO_Init)
    MX_I2C1_Init                             0x08001f25   Thumb Code    50  i2c.o(i.MX_I2C1_Init)
    MX_TIM1_Init                             0x08001f65   Thumb Code   104  tim.o(i.MX_TIM1_Init)
    MemManage_Handler                        0x08001fd5   Thumb Code     2  stm32f1xx_it.o(i.MemManage_Handler)
    NMI_Handler                              0x08001fd7   Thumb Code     2  stm32f1xx_it.o(i.NMI_Handler)
    PassiveBuzzer_Control                    0x08001fd9   Thumb Code    20  driver_passive_buzzer.o(i.PassiveBuzzer_Control)
    PassiveBuzzer_Init                       0x08001ff1   Thumb Code    92  driver_passive_buzzer.o(i.PassiveBuzzer_Init)
    PassiveBuzzer_Set_Freq_Duty              0x08002059   Thumb Code   122  driver_passive_buzzer.o(i.PassiveBuzzer_Set_Freq_Duty)
    ShowAbout                                0x080020e1   Thumb Code    76  showsetting.o(i.ShowAbout)
    ShowCalendarTask                         0x08002161   Thumb Code   464  showcalendar.o(i.ShowCalendarTask)
    ShowClock                                0x08002351   Thumb Code   334  showclock.o(i.ShowClock)
    ShowClockTimeTask                        0x080024c1   Thumb Code   388  showclock.o(i.ShowClockTimeTask)
    ShowDHT11Task                            0x0800266d   Thumb Code   368  showdht11.o(i.ShowDHT11Task)
    ShowFlashLightTask                       0x0800280d   Thumb Code   224  showflashlight.o(i.ShowFlashLightTask)
    ShowMenuTask                             0x0800290d   Thumb Code   814  showmenu.o(i.ShowMenuTask)
    ShowSetiing                              0x08002c79   Thumb Code   134  showsetting.o(i.ShowSetiing)
    ShowSetting_Task                         0x08002d11   Thumb Code   622  showsetting.o(i.ShowSetting_Task)
    ShowSwitch                               0x08002fb9   Thumb Code   118  showsetting.o(i.ShowSwitch)
    ShowTimeTask                             0x0800303d   Thumb Code   510  showtimetask.o(i.ShowTimeTask)
    ShowUI                                   0x0800327d   Thumb Code   376  showmenu.o(i.ShowUI)
    StartDefaultTask                         0x0800341d   Thumb Code    36  freertos.o(i.StartDefaultTask)
    SysTick_Handler                          0x08003445   Thumb Code    38  port.o(i.SysTick_Handler)
    SystemClock_Config                       0x08003471   Thumb Code    94  main.o(i.SystemClock_Config)
    SystemInit                               0x080034cf   Thumb Code     2  system_stm32f1xx.o(i.SystemInit)
    TIM1_BRK_IRQHandler                      0x080034d9   Thumb Code     6  stm32f1xx_it.o(i.TIM1_BRK_IRQHandler)
    TIM4_IRQHandler                          0x080034e5   Thumb Code     6  stm32f1xx_it.o(i.TIM4_IRQHandler)
    TIM_Base_SetConfig                       0x080034f1   Thumb Code   120  stm32f1xx_hal_tim.o(i.TIM_Base_SetConfig)
    TIM_CCxChannelCmd                        0x0800357d   Thumb Code    26  stm32f1xx_hal_tim.o(i.TIM_CCxChannelCmd)
    TIM_ETR_SetConfig                        0x08003597   Thumb Code    20  stm32f1xx_hal_tim.o(i.TIM_ETR_SetConfig)
    TIM_OC2_SetConfig                        0x0800361d   Thumb Code    98  stm32f1xx_hal_tim.o(i.TIM_OC2_SetConfig)
    TimerCallBackFun                         0x08003789   Thumb Code    82  showtimetask.o(i.TimerCallBackFun)
    UsageFault_Handler                       0x080037e1   Thumb Code     2  stm32f1xx_it.o(i.UsageFault_Handler)
    buzzer_buzz                              0x08003805   Thumb Code    38  beep.o(i.buzzer_buzz)
    buzzer_init                              0x08003835   Thumb Code    28  beep.o(i.buzzer_init)
    judge_week                               0x08003865   Thumb Code    58  showcalendar.o(i.judge_week)
    judge_year                               0x0800389f   Thumb Code    38  showcalendar.o(i.judge_year)
    main                                     0x080038c5   Thumb Code    34  main.o(i.main)
    mdelay                                   0x080038e7   Thumb Code    26  driver_timer.o(i.mdelay)
    month_run                                0x08003901   Thumb Code    34  showcalendar.o(i.month_run)
    osDelay                                  0x08003925   Thumb Code    46  cmsis_os2.o(i.osDelay)
    osKernelInitialize                       0x08003959   Thumb Code    50  cmsis_os2.o(i.osKernelInitialize)
    osKernelStart                            0x08003991   Thumb Code    58  cmsis_os2.o(i.osKernelStart)
    osThreadNew                              0x080039d1   Thumb Code   160  cmsis_os2.o(i.osThreadNew)
    pvPortMalloc                             0x08004231   Thumb Code   210  heap_4.o(i.pvPortMalloc)
    pxPortInitialiseStack                    0x08004309   Thumb Code    32  port.o(i.pxPortInitialiseStack)
    u8g2_ClearBuffer                         0x0800432d   Thumb Code    18  u8g2_buffer.o(i.u8g2_ClearBuffer)
    u8g2_ClearDisplay                        0x0800433f   Thumb Code    30  u8g2_cleardisplay.o(i.u8g2_ClearDisplay)
    u8g2_DrawBox                             0x0800435d   Thumb Code    68  u8g2_box.o(i.u8g2_DrawBox)
    u8g2_DrawCircle                          0x080043a1   Thumb Code    64  u8g2_circle.o(i.u8g2_DrawCircle)
    u8g2_DrawDisc                            0x080043e1   Thumb Code    64  u8g2_circle.o(i.u8g2_DrawDisc)
    u8g2_DrawFrame                           0x08004421   Thumb Code   136  u8g2_box.o(i.u8g2_DrawFrame)
    u8g2_DrawGlyph                           0x080044a9   Thumb Code   112  u8g2_font.o(i.u8g2_DrawGlyph)
    u8g2_DrawHLine                           0x08004519   Thumb Code    12  u8g2_hvline.o(i.u8g2_DrawHLine)
    u8g2_DrawHVLine                          0x08004525   Thumb Code   172  u8g2_hvline.o(i.u8g2_DrawHVLine)
    u8g2_DrawHXBMP                           0x080045d1   Thumb Code   148  u8g2_bitmap.o(i.u8g2_DrawHXBMP)
    u8g2_DrawLine                            0x08004665   Thumb Code   178  u8g2_line.o(i.u8g2_DrawLine)
    u8g2_DrawPixel                           0x08004717   Thumb Code    46  u8g2_hvline.o(i.u8g2_DrawPixel)
    u8g2_DrawRBox                            0x08004745   Thumb Code   230  u8g2_box.o(i.u8g2_DrawRBox)
    u8g2_DrawStr                             0x0800482d   Thumb Code    12  u8g2_font.o(i.u8g2_DrawStr)
    u8g2_DrawVLine                           0x0800483d   Thumb Code    12  u8g2_hvline.o(i.u8g2_DrawVLine)
    u8g2_DrawXBMP                            0x08004849   Thumb Code    76  u8g2_bitmap.o(i.u8g2_DrawXBMP)
    u8g2_FirstPage                           0x08004895   Thumb Code    28  u8g2_buffer.o(i.u8g2_FirstPage)
    u8g2_GetGlyphWidth                       0x080048b1   Thumb Code    62  u8g2_font.o(i.u8g2_GetGlyphWidth)
    u8g2_GetStrWidth                         0x080048f1   Thumb Code     8  u8g2_font.o(i.u8g2_GetStrWidth)
    u8g2_IsIntersection                      0x080048fd   Thumb Code    48  u8g2_intersection.o(i.u8g2_IsIntersection)
    u8g2_NextPage                            0x0800492d   Thumb Code    62  u8g2_buffer.o(i.u8g2_NextPage)
    u8g2_SendBuffer                          0x0800496b   Thumb Code    18  u8g2_buffer.o(i.u8g2_SendBuffer)
    u8g2_SetBufferCurrTileRow                0x0800497d   Thumb Code    28  u8g2_buffer.o(i.u8g2_SetBufferCurrTileRow)
    u8g2_SetFont                             0x08004999   Thumb Code    32  u8g2_font.o(i.u8g2_SetFont)
    u8g2_SetFontPosBaseline                  0x080049b9   Thumb Code     6  u8g2_font.o(i.u8g2_SetFontPosBaseline)
    u8g2_SetMaxClipWindow                    0x080049c5   Thumb Code    28  u8g2_setup.o(i.u8g2_SetMaxClipWindow)
    u8g2_SetupBuffer                         0x080049e1   Thumb Code    70  u8g2_setup.o(i.u8g2_SetupBuffer)
    u8g2_Setup_ssd1306_i2c_128x64_noname_f   0x08004a29   Thumb Code    42  u8g2_d_setup.o(i.u8g2_Setup_ssd1306_i2c_128x64_noname_f)
    u8g2_UpdateRefHeight                     0x08004a61   Thumb Code    82  u8g2_font.o(i.u8g2_UpdateRefHeight)
    u8g2_add_vector_x                        0x08004ab3   Thumb Code    28  u8g2_font.o(i.u8g2_add_vector_x)
    u8g2_add_vector_y                        0x08004acf   Thumb Code    28  u8g2_font.o(i.u8g2_add_vector_y)
    u8g2_config                              0x08004b95   Thumb Code    46  data.o(i.u8g2_config)
    u8g2_draw_hv_line_2dir                   0x08004e33   Thumb Code    18  u8g2_hvline.o(i.u8g2_draw_hv_line_2dir)
    u8g2_draw_l90_r0                         0x08004e45   Thumb Code    12  u8g2_setup.o(i.u8g2_draw_l90_r0)
    u8g2_font_calc_vref_font                 0x08004ec7   Thumb Code     4  u8g2_font.o(i.u8g2_font_calc_vref_font)
    u8g2_font_decode_get_signed_bits         0x08004ecb   Thumb Code    20  u8g2_font.o(i.u8g2_font_decode_get_signed_bits)
    u8g2_font_decode_get_unsigned_bits       0x08004edf   Thumb Code    52  u8g2_font.o(i.u8g2_font_decode_get_unsigned_bits)
    u8g2_font_decode_glyph                   0x08004f15   Thumb Code   276  u8g2_font.o(i.u8g2_font_decode_glyph)
    u8g2_font_decode_len                     0x08005029   Thumb Code   140  u8g2_font.o(i.u8g2_font_decode_len)
    u8g2_font_get_glyph_data                 0x080050b5   Thumb Code   114  u8g2_font.o(i.u8g2_font_get_glyph_data)
    u8g2_is_intersection_decision_tree       0x0800516f   Thumb Code    24  u8g2_intersection.o(i.u8g2_is_intersection_decision_tree)
    u8g2_ll_hvline_vertical_top_lsb          0x08005189   Thumb Code   144  u8g2_ll_hvline.o(i.u8g2_ll_hvline_vertical_top_lsb)
    u8g2_m_16_8_f                            0x08005219   Thumb Code     8  u8g2_d_memory.o(i.u8g2_m_16_8_f)
    u8g2_read_font_info                      0x08005225   Thumb Code   106  u8g2_font.o(i.u8g2_read_font_info)
    u8g2_stm32_delay                         0x080052dd   Thumb Code    24  u8g2_d_setup.o(i.u8g2_stm32_delay)
    u8g2_update_dimension_r0                 0x080053af   Thumb Code     4  u8g2_setup.o(i.u8g2_update_dimension_r0)
    u8g2_update_page_win_r0                  0x080053b3   Thumb Code    34  u8g2_setup.o(i.u8g2_update_page_win_r0)
    u8x8_DrawTile                            0x080053d5   Thumb Code    30  u8x8_display.o(i.u8x8_DrawTile)
    u8x8_InitDisplay                         0x080053f3   Thumb Code    16  u8x8_display.o(i.u8x8_InitDisplay)
    u8x8_RefreshDisplay                      0x08005403   Thumb Code    16  u8x8_display.o(i.u8x8_RefreshDisplay)
    u8x8_SetPowerSave                        0x08005413   Thumb Code    16  u8x8_display.o(i.u8x8_SetPowerSave)
    u8x8_Setup                               0x08005423   Thumb Code    34  u8x8_setup.o(i.u8x8_Setup)
    u8x8_SetupDefaults                       0x08005445   Thumb Code    32  u8x8_setup.o(i.u8x8_SetupDefaults)
    u8x8_SetupMemory                         0x08005469   Thumb Code    16  u8x8_display.o(i.u8x8_SetupMemory)
    u8x8_ascii_next                          0x08005479   Thumb Code    14  u8x8_8x8.o(i.u8x8_ascii_next)
    u8x8_byte_EndTransfer                    0x08005487   Thumb Code    16  u8x8_byte.o(i.u8x8_byte_EndTransfer)
    u8x8_byte_SendByte                       0x08005497   Thumb Code    14  u8x8_byte.o(i.u8x8_byte_SendByte)
    u8x8_byte_StartTransfer                  0x080054a5   Thumb Code    16  u8x8_byte.o(i.u8x8_byte_StartTransfer)
    u8x8_byte_hw_i2c                         0x080054b5   Thumb Code    88  u8x8_byte.o(i.u8x8_byte_hw_i2c)
    u8x8_cad_EndTransfer                     0x08005519   Thumb Code    16  u8x8_cad.o(i.u8x8_cad_EndTransfer)
    u8x8_cad_SendArg                         0x08005529   Thumb Code    16  u8x8_cad.o(i.u8x8_cad_SendArg)
    u8x8_cad_SendCmd                         0x08005539   Thumb Code    16  u8x8_cad.o(i.u8x8_cad_SendCmd)
    u8x8_cad_SendData                        0x08005549   Thumb Code    16  u8x8_cad.o(i.u8x8_cad_SendData)
    u8x8_cad_SendSequence                    0x08005559   Thumb Code   104  u8x8_cad.o(i.u8x8_cad_SendSequence)
    u8x8_cad_StartTransfer                   0x080055c1   Thumb Code    16  u8x8_cad.o(i.u8x8_cad_StartTransfer)
    u8x8_cad_ssd13xx_fast_i2c                0x080055d1   Thumb Code   182  u8x8_cad.o(i.u8x8_cad_ssd13xx_fast_i2c)
    u8x8_d_helper_display_init               0x0800568d   Thumb Code    96  u8x8_display.o(i.u8x8_d_helper_display_init)
    u8x8_d_helper_display_setup_memory       0x080056ed   Thumb Code    10  u8x8_display.o(i.u8x8_d_helper_display_setup_memory)
    u8x8_d_ssd1306_128x64_noname             0x080056f9   Thumb Code    52  u8x8_d_ssd1306_128x64_noname.o(i.u8x8_d_ssd1306_128x64_noname)
    u8x8_dummy_cb                            0x080057fd   Thumb Code     4  u8x8_setup.o(i.u8x8_dummy_cb)
    u8x8_gpio_call                           0x08005801   Thumb Code    12  u8x8_gpio.o(i.u8x8_gpio_call)
    u8x8_utf8_init                           0x08005839   Thumb Code     8  u8x8_8x8.o(i.u8x8_utf8_init)
    udelay                                   0x08005841   Thumb Code    52  driver_timer.o(i.udelay)
    ui_down                                  0x08005879   Thumb Code     8  data.o(i.ui_down)
    ui_left                                  0x08005881   Thumb Code     8  data.o(i.ui_left)
    ui_right                                 0x08005889   Thumb Code     8  data.o(i.ui_right)
    ui_run                                   0x08005891   Thumb Code    54  data.o(i.ui_run)
    ui_up                                    0x080058c7   Thumb Code     8  data.o(i.ui_up)
    uxListRemove                             0x080058cf   Thumb Code    38  list.o(i.uxListRemove)
    vApplicationGetIdleTaskMemory            0x080058f5   Thumb Code    16  cmsis_os2.o(i.vApplicationGetIdleTaskMemory)
    vApplicationGetTimerTaskMemory           0x08005909   Thumb Code    18  cmsis_os2.o(i.vApplicationGetTimerTaskMemory)
    vListInitialise                          0x08005921   Thumb Code    22  list.o(i.vListInitialise)
    vListInitialiseItem                      0x08005937   Thumb Code     6  list.o(i.vListInitialiseItem)
    vListInsert                              0x0800593d   Thumb Code    48  list.o(i.vListInsert)
    vListInsertEnd                           0x0800596d   Thumb Code    24  list.o(i.vListInsertEnd)
    vPortEnterCritical                       0x08005985   Thumb Code    54  port.o(i.vPortEnterCritical)
    vPortExitCritical                        0x080059c5   Thumb Code    34  port.o(i.vPortExitCritical)
    vPortFree                                0x080059ed   Thumb Code    88  heap_4.o(i.vPortFree)
    vPortSetupTimerInterrupt                 0x08005a49   Thumb Code    32  port.o(i.vPortSetupTimerInterrupt)
    vPortValidateInterruptPriority           0x08005a6d   Thumb Code    74  port.o(i.vPortValidateInterruptPriority)
    vQueueAddToRegistry                      0x08005ac1   Thumb Code    34  queue.o(i.vQueueAddToRegistry)
    vQueueWaitForMessageRestricted           0x08005ae9   Thumb Code    68  queue.o(i.vQueueWaitForMessageRestricted)
    vTaskDelay                               0x08005b2d   Thumb Code    66  tasks.o(i.vTaskDelay)
    vTaskInternalSetTimeOutState             0x08005b79   Thumb Code    12  tasks.o(i.vTaskInternalSetTimeOutState)
    vTaskMissedYield                         0x08005b89   Thumb Code     8  tasks.o(i.vTaskMissedYield)
    vTaskPlaceOnEventList                    0x08005b95   Thumb Code    44  tasks.o(i.vTaskPlaceOnEventList)
    vTaskPlaceOnEventListRestricted          0x08005bc5   Thumb Code    52  tasks.o(i.vTaskPlaceOnEventListRestricted)
    vTaskResume                              0x08005bfd   Thumb Code   110  tasks.o(i.vTaskResume)
    vTaskStartScheduler                      0x08005c79   Thumb Code   118  tasks.o(i.vTaskStartScheduler)
    vTaskSuspend                             0x08005d01   Thumb Code   144  tasks.o(i.vTaskSuspend)
    vTaskSuspendAll                          0x08005d9d   Thumb Code    10  tasks.o(i.vTaskSuspendAll)
    vTaskSwitchContext                       0x08005dad   Thumb Code    90  tasks.o(i.vTaskSwitchContext)
    xPortStartScheduler                      0x08005e11   Thumb Code   154  port.o(i.xPortStartScheduler)
    xQueueGenericCreate                      0x08005eb9   Thumb Code    72  queue.o(i.xQueueGenericCreate)
    xQueueGenericCreateStatic                0x08005f01   Thumb Code   102  queue.o(i.xQueueGenericCreateStatic)
    xQueueGenericReset                       0x08005f69   Thumb Code   132  queue.o(i.xQueueGenericReset)
    xQueueGenericSend                        0x08005ff1   Thumb Code   346  queue.o(i.xQueueGenericSend)
    xQueueGenericSendFromISR                 0x08006151   Thumb Code   188  queue.o(i.xQueueGenericSendFromISR)
    xQueueReceive                            0x0800620d   Thumb Code   308  queue.o(i.xQueueReceive)
    xTaskCheckForTimeOut                     0x08006345   Thumb Code   112  tasks.o(i.xTaskCheckForTimeOut)
    xTaskCreate                              0x080063b9   Thumb Code    90  tasks.o(i.xTaskCreate)
    xTaskCreateStatic                        0x08006413   Thumb Code    86  tasks.o(i.xTaskCreateStatic)
    xTaskGetSchedulerState                   0x08006469   Thumb Code    22  tasks.o(i.xTaskGetSchedulerState)
    xTaskGetTickCount                        0x08006485   Thumb Code     6  tasks.o(i.xTaskGetTickCount)
    xTaskIncrementTick                       0x08006491   Thumb Code   190  tasks.o(i.xTaskIncrementTick)
    xTaskPriorityDisinherit                  0x08006559   Thumb Code   118  tasks.o(i.xTaskPriorityDisinherit)
    xTaskRemoveFromEventList                 0x080065d9   Thumb Code    98  tasks.o(i.xTaskRemoveFromEventList)
    xTaskResumeAll                           0x08006649   Thumb Code   182  tasks.o(i.xTaskResumeAll)
    xTimerCreate                             0x0800670d   Thumb Code    52  timers.o(i.xTimerCreate)
    xTimerCreateTimerTask                    0x08006741   Thumb Code    78  timers.o(i.xTimerCreateTimerTask)
    xTimerGenericCommand                     0x080067a1   Thumb Code    98  timers.o(i.xTimerGenericCommand)
    defaultTask_attributes                   0x08006808   Data          36  freertos.o(.constdata)
    AHBPrescTable                            0x0800683e   Data          16  system_stm32f1xx.o(.constdata)
    APBPrescTable                            0x0800684e   Data           8  system_stm32f1xx.o(.constdata)
    u8g2_font_7x13_mf                        0x08006856   Data        2956  u8g2_fonts.o(.constdata)
    u8g2_font_t0_11_tf                       0x080073e2   Data        1994  u8g2_fonts.o(.constdata)
    u8g2_font_spleen5x8_mf                   0x08007bac   Data        1586  u8g2_fonts.o(.constdata)
    u8g2_font_wqy16_t_chinese1               0x080081de   Data       13882  u8g2_fonts.o(.constdata)
    u8g2_font_fur35_tf                       0x0800b818   Data       10388  u8g2_fonts.o(.constdata)
    u8g2_cb_r0                               0x0800e0ac   Data          12  u8g2_setup.o(.constdata)
    ShowPower                                0x0800e210   Data          30  data.o(.constdata)
    ShowGame                                 0x0800e22e   Data          30  data.o(.constdata)
    LeftMove                                 0x0800e24c   Data          30  data.o(.constdata)
    RightMove                                0x0800e26a   Data          30  data.o(.constdata)
    BigNum                                   0x0800e288   Data        1200  data.o(.constdata)
    light                                    0x0800e738   Data         120  data.o(.constdata)
    Num_6x8                                  0x0800e7b0   Data          96  data.o(.constdata)
    str                                      0x0800e8d4   Data          50  showmenu.o(.constdata)
    strs                                     0x0800e906   Data          50  showsetting.o(.constdata)
    Region$$Table$$Base                      0x0800e944   Number         0  anon$$obj.o(Region$$Table)
    Region$$Table$$Limit                     0x0800e964   Number         0  anon$$obj.o(Region$$Table)
    xShowTimeTaskHandle                      0x20000000   Data           4  freertos.o(.data)
    xShowMenuTaskHandle                      0x20000004   Data           4  freertos.o(.data)
    xShowCalendarTaskHandle                  0x20000008   Data           4  freertos.o(.data)
    xShowClockTaskHandle                     0x2000000c   Data           4  freertos.o(.data)
    xShowFlashLightTaskHandle                0x20000010   Data           4  freertos.o(.data)
    xShowSettingTaskHandle                   0x20000014   Data           4  freertos.o(.data)
    xShowDHT11TaskHandle                     0x20000018   Data           4  freertos.o(.data)
    g_Timer                                  0x2000001c   Data           4  freertos.o(.data)
    g_Clock_Timer                            0x20000020   Data           4  freertos.o(.data)
    g_xQueueMenu                             0x20000024   Data           4  freertos.o(.data)
    defaultTaskHandle                        0x20000028   Data           4  freertos.o(.data)
    uwTickFreq                               0x20000034   Data           1  stm32f1xx_hal.o(.data)
    uwTickPrio                               0x20000038   Data           4  stm32f1xx_hal.o(.data)
    uwTick                                   0x2000003c   Data           4  stm32f1xx_hal.o(.data)
    SystemCoreClock                          0x20000040   Data           4  system_stm32f1xx.o(.data)
    pxCurrentTCB                             0x20000044   Data           4  tasks.o(.data)
    cleder                                   0x200000c8   Data         168  data.o(.data)
    torch                                    0x20000170   Data         168  data.o(.data)
    hum                                      0x20000218   Data         168  data.o(.data)
    clock                                    0x200002c0   Data         168  data.o(.data)
    setting                                  0x20000368   Data         168  data.o(.data)
    clock_flag                               0x20000410   Data           1  showclock.o(.data)
    seclect_flag                             0x20000411   Data           1  showclock.o(.data)
    len1                                     0x20000412   Data           1  showclock.o(.data)
    len2                                     0x20000413   Data           1  showclock.o(.data)
    num_w                                    0x20000414   Data           2  showclock.o(.data)
    num_h                                    0x20000416   Data           2  showclock.o(.data)
    millisecond                              0x20000418   Data           2  showclock.o(.data)
    g_num_y                                  0x2000041a   Data           4  showclock.o(.data)
    g_clock_num                              0x2000041e   Data           8  showclock.o(.data)
    g_real_time                              0x20000426   Data           8  showclock.o(.data)
    g_num_x                                  0x2000042e   Data          12  showclock.o(.data)
    g_seclect_x                              0x2000043a   Data          10  showclock.o(.data)
    dock_pos                                 0x20000444   Data           1  showmenu.o(.data)
    dock_status                              0x20000445   Data           1  showmenu.o(.data)
    dock_y                                   0x20000446   Data           1  showmenu.o(.data)
    dock_r                                   0x20000447   Data           1  showmenu.o(.data)
    str_flag                                 0x20000448   Data           4  showmenu.o(.data)
    queue_flag                               0x2000044c   Data           4  showmenu.o(.data)
    end_flag                                 0x20000450   Data           4  showmenu.o(.data)
    dock                                     0x20000454   Data           5  showmenu.o(.data)
    Left                                     0x2000045c   Data          16  showmenu.o(.data)
    Right                                    0x2000046c   Data          16  showmenu.o(.data)
    String                                   0x2000047c   Data          16  showmenu.o(.data)
    Rec_select                               0x2000048c   Data          16  showmenu.o(.data)
    seclect_end                              0x2000049c   Data           4  showmenu.o(.data)
    str_x_pos                                0x200004a0   Data           4  showsetting.o(.data)
    about_x_pos                              0x200004a4   Data           4  showsetting.o(.data)
    seclect                                  0x200004a8   Data           4  showsetting.o(.data)
    seclect_h                                0x200004ac   Data           4  showsetting.o(.data)
    power_button                             0x200004b0   Data           4  showsetting.o(.data)
    str_y_pos                                0x200004b4   Data          20  showsetting.o(.data)
    about_y_pos                              0x200004c8   Data          16  showsetting.o(.data)
    seclect_y                                0x200004d8   Data          24  showsetting.o(.data)
    seclect_w                                0x200004f0   Data          24  showsetting.o(.data)
    time_flag                                0x20000508   Data           1  showtimetask.o(.data)
    sec_unit                                 0x20000509   Data           1  showtimetask.o(.data)
    sec_decade                               0x2000050a   Data           1  showtimetask.o(.data)
    min_unit                                 0x2000050b   Data           1  showtimetask.o(.data)
    min_decade                               0x2000050c   Data           1  showtimetask.o(.data)
    hour_unit                                0x2000050d   Data           1  showtimetask.o(.data)
    hour_decade                              0x2000050e   Data           1  showtimetask.o(.data)
    time                                     0x20000510   Data          32  showtimetask.o(.data)
    Box1                                     0x20000530   Data          16  showtimetask.o(.data)
    Box2                                     0x20000540   Data          16  showtimetask.o(.data)
    hi2c1                                    0x20000550   Data          84  i2c.o(.bss)
    htim1                                    0x200005a4   Data          72  tim.o(.bss)
    htim4                                    0x200005ec   Data          72  stm32f1xx_hal_timebase_tim.o(.bss)
    xQueueRegistry                           0x20000634   Data          64  queue.o(.bss)
    u8g2                                     0x2000d728   Data         148  data.o(.bss)
    width                                    0x2000d7bc   Data          20  showsetting.o(.bss)
    __libspace_start                         0x2000d7d0   Data          96  libspace.o(.bss)
    __temporary_stack_top$libspace           0x2000d830   Data           0  libspace.o(.bss)



==============================================================================

Memory Map of the image

  Image Entry point : 0x08000131

  Load Region LR_IROM1 (Base: 0x08000000, Size: 0x0000eeb4, Max: 0x00400000, ABSOLUTE, COMPRESSED[0x0000ebf0])

    Execution Region ER_IROM1 (Exec base: 0x08000000, Load base: 0x08000000, Size: 0x0000e964, Max: 0x00400000, ABSOLUTE)

    Exec Addr    Load Addr    Size         Type   Attr      Idx    E Section Name        Object

    0x08000000   0x08000000   0x00000130   Data   RO            3    RESET               startup_stm32f103xe.o
    0x08000130   0x08000130   0x00000008   Code   RO         9963  * !!!main             c_w.l(__main.o)
    0x08000138   0x08000138   0x00000034   Code   RO        10134    !!!scatter          c_w.l(__scatter.o)
    0x0800016c   0x0800016c   0x0000005a   Code   RO        10132    !!dczerorl2         c_w.l(__dczerorl2.o)
    0x080001c6   0x080001c6   0x00000002   PAD
    0x080001c8   0x080001c8   0x0000001c   Code   RO        10136    !!handler_zi        c_w.l(__scatter_zi.o)
    0x080001e4   0x080001e4   0x00000002   Code   RO        10000    .ARM.Collect$$libinit$$00000000  c_w.l(libinit.o)
    0x080001e6   0x080001e6   0x00000000   Code   RO        10013    .ARM.Collect$$libinit$$00000002  c_w.l(libinit2.o)
    0x080001e6   0x080001e6   0x00000000   Code   RO        10015    .ARM.Collect$$libinit$$00000004  c_w.l(libinit2.o)
    0x080001e6   0x080001e6   0x00000000   Code   RO        10018    .ARM.Collect$$libinit$$0000000A  c_w.l(libinit2.o)
    0x080001e6   0x080001e6   0x00000000   Code   RO        10020    .ARM.Collect$$libinit$$0000000C  c_w.l(libinit2.o)
    0x080001e6   0x080001e6   0x00000000   Code   RO        10022    .ARM.Collect$$libinit$$0000000E  c_w.l(libinit2.o)
    0x080001e6   0x080001e6   0x00000000   Code   RO        10025    .ARM.Collect$$libinit$$00000011  c_w.l(libinit2.o)
    0x080001e6   0x080001e6   0x00000000   Code   RO        10027    .ARM.Collect$$libinit$$00000013  c_w.l(libinit2.o)
    0x080001e6   0x080001e6   0x00000000   Code   RO        10029    .ARM.Collect$$libinit$$00000015  c_w.l(libinit2.o)
    0x080001e6   0x080001e6   0x00000000   Code   RO        10031    .ARM.Collect$$libinit$$00000017  c_w.l(libinit2.o)
    0x080001e6   0x080001e6   0x00000000   Code   RO        10033    .ARM.Collect$$libinit$$00000019  c_w.l(libinit2.o)
    0x080001e6   0x080001e6   0x00000000   Code   RO        10035    .ARM.Collect$$libinit$$0000001B  c_w.l(libinit2.o)
    0x080001e6   0x080001e6   0x00000000   Code   RO        10037    .ARM.Collect$$libinit$$0000001D  c_w.l(libinit2.o)
    0x080001e6   0x080001e6   0x00000000   Code   RO        10039    .ARM.Collect$$libinit$$0000001F  c_w.l(libinit2.o)
    0x080001e6   0x080001e6   0x00000000   Code   RO        10041    .ARM.Collect$$libinit$$00000021  c_w.l(libinit2.o)
    0x080001e6   0x080001e6   0x00000000   Code   RO        10043    .ARM.Collect$$libinit$$00000023  c_w.l(libinit2.o)
    0x080001e6   0x080001e6   0x00000000   Code   RO        10045    .ARM.Collect$$libinit$$00000025  c_w.l(libinit2.o)
    0x080001e6   0x080001e6   0x00000000   Code   RO        10049    .ARM.Collect$$libinit$$0000002C  c_w.l(libinit2.o)
    0x080001e6   0x080001e6   0x00000000   Code   RO        10051    .ARM.Collect$$libinit$$0000002E  c_w.l(libinit2.o)
    0x080001e6   0x080001e6   0x00000000   Code   RO        10053    .ARM.Collect$$libinit$$00000030  c_w.l(libinit2.o)
    0x080001e6   0x080001e6   0x00000000   Code   RO        10055    .ARM.Collect$$libinit$$00000032  c_w.l(libinit2.o)
    0x080001e6   0x080001e6   0x00000002   Code   RO        10056    .ARM.Collect$$libinit$$00000033  c_w.l(libinit2.o)
    0x080001e8   0x080001e8   0x00000002   Code   RO        10087    .ARM.Collect$$libshutdown$$00000000  c_w.l(libshutdown.o)
    0x080001ea   0x080001ea   0x00000000   Code   RO        10113    .ARM.Collect$$libshutdown$$00000002  c_w.l(libshutdown2.o)
    0x080001ea   0x080001ea   0x00000000   Code   RO        10115    .ARM.Collect$$libshutdown$$00000004  c_w.l(libshutdown2.o)
    0x080001ea   0x080001ea   0x00000000   Code   RO        10117    .ARM.Collect$$libshutdown$$00000006  c_w.l(libshutdown2.o)
    0x080001ea   0x080001ea   0x00000000   Code   RO        10120    .ARM.Collect$$libshutdown$$00000009  c_w.l(libshutdown2.o)
    0x080001ea   0x080001ea   0x00000000   Code   RO        10123    .ARM.Collect$$libshutdown$$0000000C  c_w.l(libshutdown2.o)
    0x080001ea   0x080001ea   0x00000000   Code   RO        10125    .ARM.Collect$$libshutdown$$0000000E  c_w.l(libshutdown2.o)
    0x080001ea   0x080001ea   0x00000000   Code   RO        10128    .ARM.Collect$$libshutdown$$00000011  c_w.l(libshutdown2.o)
    0x080001ea   0x080001ea   0x00000002   Code   RO        10129    .ARM.Collect$$libshutdown$$00000012  c_w.l(libshutdown2.o)
    0x080001ec   0x080001ec   0x00000000   Code   RO         9965    .ARM.Collect$$rtentry$$00000000  c_w.l(__rtentry.o)
    0x080001ec   0x080001ec   0x00000000   Code   RO         9971    .ARM.Collect$$rtentry$$00000002  c_w.l(__rtentry2.o)
    0x080001ec   0x080001ec   0x00000006   Code   RO         9983    .ARM.Collect$$rtentry$$00000004  c_w.l(__rtentry4.o)
    0x080001f2   0x080001f2   0x00000000   Code   RO         9973    .ARM.Collect$$rtentry$$00000009  c_w.l(__rtentry2.o)
    0x080001f2   0x080001f2   0x00000004   Code   RO         9974    .ARM.Collect$$rtentry$$0000000A  c_w.l(__rtentry2.o)
    0x080001f6   0x080001f6   0x00000000   Code   RO         9976    .ARM.Collect$$rtentry$$0000000C  c_w.l(__rtentry2.o)
    0x080001f6   0x080001f6   0x00000008   Code   RO         9977    .ARM.Collect$$rtentry$$0000000D  c_w.l(__rtentry2.o)
    0x080001fe   0x080001fe   0x00000002   Code   RO        10004    .ARM.Collect$$rtexit$$00000000  c_w.l(rtexit.o)
    0x08000200   0x08000200   0x00000000   Code   RO        10060    .ARM.Collect$$rtexit$$00000002  c_w.l(rtexit2.o)
    0x08000200   0x08000200   0x00000004   Code   RO        10061    .ARM.Collect$$rtexit$$00000003  c_w.l(rtexit2.o)
    0x08000204   0x08000204   0x00000006   Code   RO        10062    .ARM.Collect$$rtexit$$00000004  c_w.l(rtexit2.o)
    0x0800020a   0x0800020a   0x00000002   PAD
    0x0800020c   0x0800020c   0x00000096   Code   RO         4902    .emb_text           port.o
    0x080002a2   0x080002a2   0x00000002   PAD
    0x080002a4   0x080002a4   0x00000040   Code   RO            4    .text               startup_stm32f103xe.o
    0x080002e4   0x080002e4   0x0000008a   Code   RO         9949    .text               c_w.l(rt_memcpy_v6.o)
    0x0800036e   0x0800036e   0x00000064   Code   RO         9951    .text               c_w.l(rt_memcpy_w.o)
    0x080003d2   0x080003d2   0x00000010   Code   RO         9955    .text               c_w.l(aeabi_memset.o)
    0x080003e2   0x080003e2   0x00000044   Code   RO         9957    .text               c_w.l(rt_memclr.o)
    0x08000426   0x08000426   0x0000004e   Code   RO         9959    .text               c_w.l(rt_memclr_w.o)
    0x08000474   0x08000474   0x00000006   Code   RO         9961    .text               c_w.l(heapauxi.o)
    0x0800047a   0x0800047a   0x0000004a   Code   RO         9987    .text               c_w.l(sys_stackheap_outer.o)
    0x080004c4   0x080004c4   0x00000012   Code   RO         9989    .text               c_w.l(exit.o)
    0x080004d6   0x080004d6   0x00000002   PAD
    0x080004d8   0x080004d8   0x00000008   Code   RO        10001    .text               c_w.l(libspace.o)
    0x080004e0   0x080004e0   0x0000000c   Code   RO        10057    .text               c_w.l(sys_exit.o)
    0x080004ec   0x080004ec   0x00000002   Code   RO        10076    .text               c_w.l(use_no_semi.o)
    0x080004ee   0x080004ee   0x00000000   Code   RO        10078    .text               c_w.l(indicate_semi.o)
    0x080004ee   0x080004ee   0x00000002   Code   RO          394    i.BusFault_Handler  stm32f1xx_it.o
    0x080004f0   0x080004f0   0x0000004c   Code   RO         9690    i.ClockTimerCallBackFun  showclock.o
    0x0800053c   0x0800053c   0x00000006   Code   RO          826    i.DHT11_Init        driver_dht11.o
    0x08000542   0x08000542   0x00000002   PAD
    0x08000544   0x08000544   0x00000018   Code   RO          827    i.DHT11_PinRead     driver_dht11.o
    0x0800055c   0x0800055c   0x00000018   Code   RO          828    i.DHT11_PinSet      driver_dht11.o
    0x08000574   0x08000574   0x00000090   Code   RO          829    i.DHT11_Read        driver_dht11.o
    0x08000604   0x08000604   0x00000046   Code   RO          830    i.DHT11_ReadByte    driver_dht11.o
    0x0800064a   0x0800064a   0x00000024   Code   RO          832    i.DHT11_WaitFor_Val  driver_dht11.o
    0x0800066e   0x0800066e   0x00000002   Code   RO          395    i.DebugMon_Handler  stm32f1xx_it.o
    0x08000670   0x08000670   0x00000006   Code   RO          396    i.EXTI1_IRQHandler  stm32f1xx_it.o
    0x08000676   0x08000676   0x0000001a   Code   RO          397    i.EXTI9_5_IRQHandler  stm32f1xx_it.o
    0x08000690   0x08000690   0x00000004   Code   RO           13    i.Error_Handler     main.o
    0x08000694   0x08000694   0x00000024   Code   RO          972    i.HAL_Delay         stm32f1xx_hal.o
    0x080006b8   0x080006b8   0x000000a4   Code   RO          205    i.HAL_GPIO_EXTI_Callback  freertos.o
    0x0800075c   0x0800075c   0x00000018   Code   RO         1281    i.HAL_GPIO_EXTI_IRQHandler  stm32f1xx_hal_gpio.o
    0x08000774   0x08000774   0x000001f8   Code   RO         1282    i.HAL_GPIO_Init     stm32f1xx_hal_gpio.o
    0x0800096c   0x0800096c   0x0000000a   Code   RO         1284    i.HAL_GPIO_ReadPin  stm32f1xx_hal_gpio.o
    0x08000976   0x08000976   0x0000000a   Code   RO         1286    i.HAL_GPIO_WritePin  stm32f1xx_hal_gpio.o
    0x08000980   0x08000980   0x0000000c   Code   RO          976    i.HAL_GetTick       stm32f1xx_hal.o
    0x0800098c   0x0800098c   0x00000188   Code   RO         1953    i.HAL_I2C_Init      stm32f1xx_hal_i2c.o
    0x08000b14   0x08000b14   0x0000012c   Code   RO         1966    i.HAL_I2C_Master_Transmit  stm32f1xx_hal_i2c.o
    0x08000c40   0x08000c40   0x0000005c   Code   RO          311    i.HAL_I2C_MspInit   i2c.o
    0x08000c9c   0x08000c9c   0x00000010   Code   RO          982    i.HAL_IncTick       stm32f1xx_hal.o
    0x08000cac   0x08000cac   0x00000024   Code   RO          983    i.HAL_Init          stm32f1xx_hal.o
    0x08000cd0   0x08000cd0   0x00000098   Code   RO          500    i.HAL_InitTick      stm32f1xx_hal_timebase_tim.o
    0x08000d68   0x08000d68   0x00000048   Code   RO          476    i.HAL_MspInit       stm32f1xx_hal_msp.o
    0x08000db0   0x08000db0   0x00000022   Code   RO         1441    i.HAL_NVIC_DisableIRQ  stm32f1xx_hal_cortex.o
    0x08000dd2   0x08000dd2   0x0000001a   Code   RO         1442    i.HAL_NVIC_EnableIRQ  stm32f1xx_hal_cortex.o
    0x08000dec   0x08000dec   0x00000040   Code   RO         1448    i.HAL_NVIC_SetPriority  stm32f1xx_hal_cortex.o
    0x08000e2c   0x08000e2c   0x00000024   Code   RO         1449    i.HAL_NVIC_SetPriorityGrouping  stm32f1xx_hal_cortex.o
    0x08000e50   0x08000e50   0x0000012c   Code   RO         1140    i.HAL_RCC_ClockConfig  stm32f1xx_hal_rcc.o
    0x08000f7c   0x08000f7c   0x00000040   Code   RO         1144    i.HAL_RCC_GetClockConfig  stm32f1xx_hal_rcc.o
    0x08000fbc   0x08000fbc   0x00000020   Code   RO         1147    i.HAL_RCC_GetPCLK1Freq  stm32f1xx_hal_rcc.o
    0x08000fdc   0x08000fdc   0x0000004c   Code   RO         1149    i.HAL_RCC_GetSysClockFreq  stm32f1xx_hal_rcc.o
    0x08001028   0x08001028   0x00000320   Code   RO         1152    i.HAL_RCC_OscConfig  stm32f1xx_hal_rcc.o
    0x08001348   0x08001348   0x00000002   Code   RO         3085    i.HAL_TIMEx_BreakCallback  stm32f1xx_hal_tim_ex.o
    0x0800134a   0x0800134a   0x00000002   Code   RO         3086    i.HAL_TIMEx_CommutCallback  stm32f1xx_hal_tim_ex.o
    0x0800134c   0x0800134c   0x0000007c   Code   RO         3104    i.HAL_TIMEx_MasterConfigSynchronization  stm32f1xx_hal_tim_ex.o
    0x080013c8   0x080013c8   0x0000005c   Code   RO         2379    i.HAL_TIM_Base_DeInit  stm32f1xx_hal_tim.o
    0x08001424   0x08001424   0x0000005a   Code   RO         2381    i.HAL_TIM_Base_Init  stm32f1xx_hal_tim.o
    0x0800147e   0x0800147e   0x00000002   PAD
    0x08001480   0x08001480   0x00000024   Code   RO          352    i.HAL_TIM_Base_MspDeInit  tim.o
    0x080014a4   0x080014a4   0x0000003c   Code   RO          353    i.HAL_TIM_Base_MspInit  tim.o
    0x080014e0   0x080014e0   0x0000006c   Code   RO         2386    i.HAL_TIM_Base_Start_IT  stm32f1xx_hal_tim.o
    0x0800154c   0x0800154c   0x000000dc   Code   RO         2390    i.HAL_TIM_ConfigClockSource  stm32f1xx_hal_tim.o
    0x08001628   0x08001628   0x00000002   Code   RO         2415    i.HAL_TIM_IC_CaptureCallback  stm32f1xx_hal_tim.o
    0x0800162a   0x0800162a   0x00000166   Code   RO         2429    i.HAL_TIM_IRQHandler  stm32f1xx_hal_tim.o
    0x08001790   0x08001790   0x00000002   Code   RO         2432    i.HAL_TIM_OC_DelayElapsedCallback  stm32f1xx_hal_tim.o
    0x08001792   0x08001792   0x000000cc   Code   RO         2453    i.HAL_TIM_PWM_ConfigChannel  stm32f1xx_hal_tim.o
    0x0800185e   0x0800185e   0x00000002   Code   RO         2459    i.HAL_TIM_PWM_PulseFinishedCallback  stm32f1xx_hal_tim.o
    0x08001860   0x08001860   0x000000b4   Code   RO         2461    i.HAL_TIM_PWM_Start  stm32f1xx_hal_tim.o
    0x08001914   0x08001914   0x0000007c   Code   RO         2464    i.HAL_TIM_PWM_Stop  stm32f1xx_hal_tim.o
    0x08001990   0x08001990   0x00000014   Code   RO           14    i.HAL_TIM_PeriodElapsedCallback  main.o
    0x080019a4   0x080019a4   0x00000002   Code   RO         2472    i.HAL_TIM_TriggerCallback  stm32f1xx_hal_tim.o
    0x080019a6   0x080019a6   0x00000002   Code   RO          398    i.HardFault_Handler  stm32f1xx_it.o
    0x080019a8   0x080019a8   0x0000002e   Code   RO         1996    i.I2C_IsAcknowledgeFailed  stm32f1xx_hal_i2c.o
    0x080019d6   0x080019d6   0x00000002   PAD
    0x080019d8   0x080019d8   0x0000009c   Code   RO         2000    i.I2C_MasterRequestWrite  stm32f1xx_hal_i2c.o
    0x08001a74   0x08001a74   0x00000056   Code   RO         2011    i.I2C_WaitOnBTFFlagUntilTimeout  stm32f1xx_hal_i2c.o
    0x08001aca   0x08001aca   0x00000002   PAD
    0x08001acc   0x08001acc   0x00000090   Code   RO         2012    i.I2C_WaitOnFlagUntilTimeout  stm32f1xx_hal_i2c.o
    0x08001b5c   0x08001b5c   0x000000bc   Code   RO         2013    i.I2C_WaitOnMasterAddressFlagUntilTimeout  stm32f1xx_hal_i2c.o
    0x08001c18   0x08001c18   0x00000056   Code   RO         2015    i.I2C_WaitOnTXEFlagUntilTimeout  stm32f1xx_hal_i2c.o
    0x08001c6e   0x08001c6e   0x00000002   PAD
    0x08001c70   0x08001c70   0x00000020   Code   RO          539    i.Led_Control       driver_led.o
    0x08001c90   0x08001c90   0x0000018c   Code   RO          206    i.MX_FREERTOS_Init  freertos.o
    0x08001e1c   0x08001e1c   0x00000108   Code   RO          181    i.MX_GPIO_Init      gpio.o
    0x08001f24   0x08001f24   0x00000040   Code   RO          312    i.MX_I2C1_Init      i2c.o
    0x08001f64   0x08001f64   0x00000070   Code   RO          354    i.MX_TIM1_Init      tim.o
    0x08001fd4   0x08001fd4   0x00000002   Code   RO          399    i.MemManage_Handler  stm32f1xx_it.o
    0x08001fd6   0x08001fd6   0x00000002   Code   RO          400    i.NMI_Handler       stm32f1xx_it.o
    0x08001fd8   0x08001fd8   0x00000018   Code   RO          885    i.PassiveBuzzer_Control  driver_passive_buzzer.o
    0x08001ff0   0x08001ff0   0x00000068   Code   RO          886    i.PassiveBuzzer_Init  driver_passive_buzzer.o
    0x08002058   0x08002058   0x00000088   Code   RO          887    i.PassiveBuzzer_Set_Freq_Duty  driver_passive_buzzer.o
    0x080020e0   0x080020e0   0x00000080   Code   RO         9836    i.ShowAbout         showsetting.o
    0x08002160   0x08002160   0x000001f0   Code   RO         9630    i.ShowCalendarTask  showcalendar.o
    0x08002350   0x08002350   0x00000170   Code   RO         9691    i.ShowClock         showclock.o
    0x080024c0   0x080024c0   0x000001ac   Code   RO         9692    i.ShowClockTimeTask  showclock.o
    0x0800266c   0x0800266c   0x000001a0   Code   RO         9734    i.ShowDHT11Task     showdht11.o
    0x0800280c   0x0800280c   0x00000100   Code   RO         9763    i.ShowFlashLightTask  showflashlight.o
    0x0800290c   0x0800290c   0x0000036c   Code   RO         9788    i.ShowMenuTask      showmenu.o
    0x08002c78   0x08002c78   0x00000098   Code   RO         9837    i.ShowSetiing       showsetting.o
    0x08002d10   0x08002d10   0x000002a8   Code   RO         9838    i.ShowSetting_Task  showsetting.o
    0x08002fb8   0x08002fb8   0x00000084   Code   RO         9839    i.ShowSwitch        showsetting.o
    0x0800303c   0x0800303c   0x00000240   Code   RO         9884    i.ShowTimeTask      showtimetask.o
    0x0800327c   0x0800327c   0x000001a0   Code   RO         9789    i.ShowUI            showmenu.o
    0x0800341c   0x0800341c   0x00000028   Code   RO          207    i.StartDefaultTask  freertos.o
    0x08003444   0x08003444   0x0000002c   Code   RO         4903    i.SysTick_Handler   port.o
    0x08003470   0x08003470   0x0000005e   Code   RO           15    i.SystemClock_Config  main.o
    0x080034ce   0x080034ce   0x00000002   Code   RO         3353    i.SystemInit        system_stm32f1xx.o
    0x080034d0   0x080034d0   0x00000006   Code   RO          766    i.SystemSoundTimer_Func  beep.o
    0x080034d6   0x080034d6   0x00000002   PAD
    0x080034d8   0x080034d8   0x0000000c   Code   RO          401    i.TIM1_BRK_IRQHandler  stm32f1xx_it.o
    0x080034e4   0x080034e4   0x0000000c   Code   RO          402    i.TIM4_IRQHandler   stm32f1xx_it.o
    0x080034f0   0x080034f0   0x0000008c   Code   RO         2474    i.TIM_Base_SetConfig  stm32f1xx_hal_tim.o
    0x0800357c   0x0800357c   0x0000001a   Code   RO         2475    i.TIM_CCxChannelCmd  stm32f1xx_hal_tim.o
    0x08003596   0x08003596   0x00000014   Code   RO         2485    i.TIM_ETR_SetConfig  stm32f1xx_hal_tim.o
    0x080035aa   0x080035aa   0x00000010   Code   RO         2486    i.TIM_ITRx_SetConfig  stm32f1xx_hal_tim.o
    0x080035ba   0x080035ba   0x00000002   PAD
    0x080035bc   0x080035bc   0x00000060   Code   RO         2487    i.TIM_OC1_SetConfig  stm32f1xx_hal_tim.o
    0x0800361c   0x0800361c   0x0000006c   Code   RO         2488    i.TIM_OC2_SetConfig  stm32f1xx_hal_tim.o
    0x08003688   0x08003688   0x00000068   Code   RO         2489    i.TIM_OC3_SetConfig  stm32f1xx_hal_tim.o
    0x080036f0   0x080036f0   0x00000050   Code   RO         2490    i.TIM_OC4_SetConfig  stm32f1xx_hal_tim.o
    0x08003740   0x08003740   0x00000022   Code   RO         2492    i.TIM_TI1_ConfigInputStage  stm32f1xx_hal_tim.o
    0x08003762   0x08003762   0x00000024   Code   RO         2494    i.TIM_TI2_ConfigInputStage  stm32f1xx_hal_tim.o
    0x08003786   0x08003786   0x00000002   PAD
    0x08003788   0x08003788   0x00000058   Code   RO         9885    i.TimerCallBackFun  showtimetask.o
    0x080037e0   0x080037e0   0x00000002   Code   RO          403    i.UsageFault_Handler  stm32f1xx_it.o
    0x080037e2   0x080037e2   0x00000020   Code   RO         1455    i.__NVIC_SetPriority  stm32f1xx_hal_cortex.o
    0x08003802   0x08003802   0x00000002   PAD
    0x08003804   0x08003804   0x00000030   Code   RO          767    i.buzzer_buzz       beep.o
    0x08003834   0x08003834   0x00000030   Code   RO          768    i.buzzer_init       beep.o
    0x08003864   0x08003864   0x0000003a   Code   RO         9631    i.judge_week        showcalendar.o
    0x0800389e   0x0800389e   0x00000026   Code   RO         9632    i.judge_year        showcalendar.o
    0x080038c4   0x080038c4   0x00000022   Code   RO           16    i.main              main.o
    0x080038e6   0x080038e6   0x0000001a   Code   RO          581    i.mdelay            driver_timer.o
    0x08003900   0x08003900   0x00000022   Code   RO         9634    i.month_run         showcalendar.o
    0x08003922   0x08003922   0x00000002   PAD
    0x08003924   0x08003924   0x00000034   Code   RO         4438    i.osDelay           cmsis_os2.o
    0x08003958   0x08003958   0x00000038   Code   RO         4452    i.osKernelInitialize  cmsis_os2.o
    0x08003990   0x08003990   0x00000040   Code   RO         4455    i.osKernelStart     cmsis_os2.o
    0x080039d0   0x080039d0   0x000000a4   Code   RO         4489    i.osThreadNew       cmsis_os2.o
    0x08003a74   0x08003a74   0x0000005c   Code   RO         3934    i.prvAddCurrentTaskToDelayedList  tasks.o
    0x08003ad0   0x08003ad0   0x000000d0   Code   RO         3935    i.prvAddNewTaskToReadyList  tasks.o
    0x08003ba0   0x08003ba0   0x00000058   Code   RO         4284    i.prvCheckForValidListAndQueue  timers.o
    0x08003bf8   0x08003bf8   0x00000026   Code   RO         3543    i.prvCopyDataFromQueue  queue.o
    0x08003c1e   0x08003c1e   0x0000006c   Code   RO         3544    i.prvCopyDataToQueue  queue.o
    0x08003c8a   0x08003c8a   0x00000034   Code   RO         3936    i.prvDeleteTCB      tasks.o
    0x08003cbe   0x08003cbe   0x00000002   PAD
    0x08003cc0   0x08003cc0   0x0000004c   Code   RO         4853    i.prvHeapInit       heap_4.o
    0x08003d0c   0x08003d0c   0x00000060   Code   RO         3937    i.prvIdleTask       tasks.o
    0x08003d6c   0x08003d6c   0x00000022   Code   RO         3546    i.prvInitialiseNewQueue  queue.o
    0x08003d8e   0x08003d8e   0x0000009c   Code   RO         3938    i.prvInitialiseNewTask  tasks.o
    0x08003e2a   0x08003e2a   0x00000044   Code   RO         4285    i.prvInitialiseNewTimer  timers.o
    0x08003e6e   0x08003e6e   0x00000002   PAD
    0x08003e70   0x08003e70   0x0000004c   Code   RO         4854    i.prvInsertBlockIntoFreeList  heap_4.o
    0x08003ebc   0x08003ebc   0x00000038   Code   RO         4286    i.prvInsertTimerInActiveList  timers.o
    0x08003ef4   0x08003ef4   0x0000001c   Code   RO         3547    i.prvIsQueueEmpty   queue.o
    0x08003f10   0x08003f10   0x000000cc   Code   RO         4287    i.prvProcessReceivedCommands  timers.o
    0x08003fdc   0x08003fdc   0x000000b4   Code   RO         4288    i.prvProcessTimerOrBlockTask  timers.o
    0x08004090   0x08004090   0x00000020   Code   RO         3940    i.prvResetNextTaskUnblockTime  tasks.o
    0x080040b0   0x080040b0   0x00000028   Code   RO         4289    i.prvSampleTimeNow  timers.o
    0x080040d8   0x080040d8   0x0000006c   Code   RO         4290    i.prvSwitchTimerLists  timers.o
    0x08004144   0x08004144   0x00000028   Code   RO         4904    i.prvTaskExitError  port.o
    0x0800416c   0x0800416c   0x00000034   Code   RO         3942    i.prvTaskIsTaskSuspended  tasks.o
    0x080041a0   0x080041a0   0x00000024   Code   RO         4291    i.prvTimerTask      timers.o
    0x080041c4   0x080041c4   0x0000006a   Code   RO         3548    i.prvUnlockQueue    queue.o
    0x0800422e   0x0800422e   0x00000002   PAD
    0x08004230   0x08004230   0x000000d8   Code   RO         4855    i.pvPortMalloc      heap_4.o
    0x08004308   0x08004308   0x00000024   Code   RO         4905    i.pxPortInitialiseStack  port.o
    0x0800432c   0x0800432c   0x00000012   Code   RO         5660    i.u8g2_ClearBuffer  u8g2_buffer.o
    0x0800433e   0x0800433e   0x0000001e   Code   RO         5824    i.u8g2_ClearDisplay  u8g2_cleardisplay.o
    0x0800435c   0x0800435c   0x00000044   Code   RO         5630    i.u8g2_DrawBox      u8g2_box.o
    0x080043a0   0x080043a0   0x00000040   Code   RO         5754    i.u8g2_DrawCircle   u8g2_circle.o
    0x080043e0   0x080043e0   0x00000040   Code   RO         5755    i.u8g2_DrawDisc     u8g2_circle.o
    0x08004420   0x08004420   0x00000088   Code   RO         5631    i.u8g2_DrawFrame    u8g2_box.o
    0x080044a8   0x080044a8   0x00000070   Code   RO         5869    i.u8g2_DrawGlyph    u8g2_font.o
    0x08004518   0x08004518   0x0000000c   Code   RO         8123    i.u8g2_DrawHLine    u8g2_hvline.o
    0x08004524   0x08004524   0x000000ac   Code   RO         8124    i.u8g2_DrawHVLine   u8g2_hvline.o
    0x080045d0   0x080045d0   0x00000094   Code   RO         5584    i.u8g2_DrawHXBMP    u8g2_bitmap.o
    0x08004664   0x08004664   0x000000b2   Code   RO         8221    i.u8g2_DrawLine     u8g2_line.o
    0x08004716   0x08004716   0x0000002e   Code   RO         8125    i.u8g2_DrawPixel    u8g2_hvline.o
    0x08004744   0x08004744   0x000000e6   Code   RO         5632    i.u8g2_DrawRBox     u8g2_box.o
    0x0800482a   0x0800482a   0x00000002   PAD
    0x0800482c   0x0800482c   0x00000010   Code   RO         5871    i.u8g2_DrawStr      u8g2_font.o
    0x0800483c   0x0800483c   0x0000000c   Code   RO         8126    i.u8g2_DrawVLine    u8g2_hvline.o
    0x08004848   0x08004848   0x0000004c   Code   RO         5587    i.u8g2_DrawXBMP     u8g2_bitmap.o
    0x08004894   0x08004894   0x0000001c   Code   RO         5661    i.u8g2_FirstPage    u8g2_buffer.o
    0x080048b0   0x080048b0   0x0000003e   Code   RO         5881    i.u8g2_GetGlyphWidth  u8g2_font.o
    0x080048ee   0x080048ee   0x00000002   PAD
    0x080048f0   0x080048f0   0x0000000c   Code   RO         5882    i.u8g2_GetStrWidth  u8g2_font.o
    0x080048fc   0x080048fc   0x00000030   Code   RO         8185    i.u8g2_IsIntersection  u8g2_intersection.o
    0x0800492c   0x0800492c   0x0000003e   Code   RO         5662    i.u8g2_NextPage     u8g2_buffer.o
    0x0800496a   0x0800496a   0x00000012   Code   RO         5663    i.u8g2_SendBuffer   u8g2_buffer.o
    0x0800497c   0x0800497c   0x0000001c   Code   RO         5664    i.u8g2_SetBufferCurrTileRow  u8g2_buffer.o
    0x08004998   0x08004998   0x00000020   Code   RO         5887    i.u8g2_SetFont      u8g2_font.o
    0x080049b8   0x080049b8   0x0000000c   Code   RO         5890    i.u8g2_SetFontPosBaseline  u8g2_font.o
    0x080049c4   0x080049c4   0x0000001c   Code   RO         8373    i.u8g2_SetMaxClipWindow  u8g2_setup.o
    0x080049e0   0x080049e0   0x00000046   Code   RO         8374    i.u8g2_SetupBuffer  u8g2_setup.o
    0x08004a26   0x08004a26   0x00000002   PAD
    0x08004a28   0x08004a28   0x00000038   Code   RO         5849    i.u8g2_Setup_ssd1306_i2c_128x64_noname_f  u8g2_d_setup.o
    0x08004a60   0x08004a60   0x00000052   Code   RO         5897    i.u8g2_UpdateRefHeight  u8g2_font.o
    0x08004ab2   0x08004ab2   0x0000001c   Code   RO         5898    i.u8g2_add_vector_x  u8g2_font.o
    0x08004ace   0x08004ace   0x0000001c   Code   RO         5899    i.u8g2_add_vector_y  u8g2_font.o
    0x08004aea   0x08004aea   0x0000006e   Code   RO         8376    i.u8g2_apply_clip_window  u8g2_setup.o
    0x08004b58   0x08004b58   0x0000003c   Code   RO         8128    i.u8g2_clip_intersection2  u8g2_hvline.o
    0x08004b94   0x08004b94   0x00000044   Code   RO         9555    i.u8g2_config       data.o
    0x08004bd8   0x08004bd8   0x0000006a   Code   RO         5758    i.u8g2_draw_circle  u8g2_circle.o
    0x08004c42   0x08004c42   0x000000ba   Code   RO         5759    i.u8g2_draw_circle_section  u8g2_circle.o
    0x08004cfc   0x08004cfc   0x0000006a   Code   RO         5760    i.u8g2_draw_disc    u8g2_circle.o
    0x08004d66   0x08004d66   0x000000cc   Code   RO         5761    i.u8g2_draw_disc_section  u8g2_circle.o
    0x08004e32   0x08004e32   0x00000012   Code   RO         8129    i.u8g2_draw_hv_line_2dir  u8g2_hvline.o
    0x08004e44   0x08004e44   0x0000000c   Code   RO         8378    i.u8g2_draw_l90_r0  u8g2_setup.o
    0x08004e50   0x08004e50   0x00000076   Code   RO         5900    i.u8g2_draw_string  u8g2_font.o
    0x08004ec6   0x08004ec6   0x00000004   Code   RO         5906    i.u8g2_font_calc_vref_font  u8g2_font.o
    0x08004eca   0x08004eca   0x00000014   Code   RO         5908    i.u8g2_font_decode_get_signed_bits  u8g2_font.o
    0x08004ede   0x08004ede   0x00000034   Code   RO         5909    i.u8g2_font_decode_get_unsigned_bits  u8g2_font.o
    0x08004f12   0x08004f12   0x00000002   PAD
    0x08004f14   0x08004f14   0x00000114   Code   RO         5910    i.u8g2_font_decode_glyph  u8g2_font.o
    0x08005028   0x08005028   0x0000008c   Code   RO         5911    i.u8g2_font_decode_len  u8g2_font.o
    0x080050b4   0x080050b4   0x00000072   Code   RO         5912    i.u8g2_font_get_glyph_data  u8g2_font.o
    0x08005126   0x08005126   0x00000014   Code   RO         5913    i.u8g2_font_get_word  u8g2_font.o
    0x0800513a   0x0800513a   0x00000034   Code   RO         5914    i.u8g2_font_setup_decode  u8g2_font.o
    0x0800516e   0x0800516e   0x00000018   Code   RO         8186    i.u8g2_is_intersection_decision_tree  u8g2_intersection.o
    0x08005186   0x08005186   0x00000002   PAD
    0x08005188   0x08005188   0x00000090   Code   RO         8234    i.u8g2_ll_hvline_vertical_top_lsb  u8g2_ll_hvline.o
    0x08005218   0x08005218   0x0000000c   Code   RO         5836    i.u8g2_m_16_8_f     u8g2_d_memory.o
    0x08005224   0x08005224   0x0000006a   Code   RO         5915    i.u8g2_read_font_info  u8g2_font.o
    0x0800528e   0x0800528e   0x0000004e   Code   RO         5671    i.u8g2_send_buffer  u8g2_buffer.o
    0x080052dc   0x080052dc   0x00000018   Code   RO         5850    i.u8g2_stm32_delay  u8g2_d_setup.o
    0x080052f4   0x080052f4   0x00000074   Code   RO         5916    i.u8g2_string_width  u8g2_font.o
    0x08005368   0x08005368   0x00000046   Code   RO         8383    i.u8g2_update_dimension_common  u8g2_setup.o
    0x080053ae   0x080053ae   0x00000004   Code   RO         8384    i.u8g2_update_dimension_r0  u8g2_setup.o
    0x080053b2   0x080053b2   0x00000022   Code   RO         8388    i.u8g2_update_page_win_r0  u8g2_setup.o
    0x080053d4   0x080053d4   0x0000001e   Code   RO         9133    i.u8x8_DrawTile     u8x8_display.o
    0x080053f2   0x080053f2   0x00000010   Code   RO         9135    i.u8x8_InitDisplay  u8x8_display.o
    0x08005402   0x08005402   0x00000010   Code   RO         9137    i.u8x8_RefreshDisplay  u8x8_display.o
    0x08005412   0x08005412   0x00000010   Code   RO         9140    i.u8x8_SetPowerSave  u8x8_display.o
    0x08005422   0x08005422   0x00000022   Code   RO         9439    i.u8x8_Setup        u8x8_setup.o
    0x08005444   0x08005444   0x00000024   Code   RO         9440    i.u8x8_SetupDefaults  u8x8_setup.o
    0x08005468   0x08005468   0x00000010   Code   RO         9141    i.u8x8_SetupMemory  u8x8_display.o
    0x08005478   0x08005478   0x0000000e   Code   RO         8662    i.u8x8_ascii_next   u8x8_8x8.o
    0x08005486   0x08005486   0x00000010   Code   RO         8783    i.u8x8_byte_EndTransfer  u8x8_byte.o
    0x08005496   0x08005496   0x0000000e   Code   RO         8784    i.u8x8_byte_SendByte  u8x8_byte.o
    0x080054a4   0x080054a4   0x00000010   Code   RO         8787    i.u8x8_byte_StartTransfer  u8x8_byte.o
    0x080054b4   0x080054b4   0x00000064   Code   RO         8789    i.u8x8_byte_hw_i2c  u8x8_byte.o
    0x08005518   0x08005518   0x00000010   Code   RO         8885    i.u8x8_cad_EndTransfer  u8x8_cad.o
    0x08005528   0x08005528   0x00000010   Code   RO         8886    i.u8x8_cad_SendArg  u8x8_cad.o
    0x08005538   0x08005538   0x00000010   Code   RO         8887    i.u8x8_cad_SendCmd  u8x8_cad.o
    0x08005548   0x08005548   0x00000010   Code   RO         8888    i.u8x8_cad_SendData  u8x8_cad.o
    0x08005558   0x08005558   0x00000068   Code   RO         8890    i.u8x8_cad_SendSequence  u8x8_cad.o
    0x080055c0   0x080055c0   0x00000010   Code   RO         8891    i.u8x8_cad_StartTransfer  u8x8_cad.o
    0x080055d0   0x080055d0   0x000000bc   Code   RO         8894    i.u8x8_cad_ssd13xx_fast_i2c  u8x8_cad.o
    0x0800568c   0x0800568c   0x00000060   Code   RO         9142    i.u8x8_d_helper_display_init  u8x8_display.o
    0x080056ec   0x080056ec   0x0000000a   Code   RO         9143    i.u8x8_d_helper_display_setup_memory  u8x8_display.o
    0x080056f6   0x080056f6   0x00000002   PAD
    0x080056f8   0x080056f8   0x0000003c   Code   RO         9067    i.u8x8_d_ssd1306_128x64_noname  u8x8_d_ssd1306_128x64_noname.o
    0x08005734   0x08005734   0x000000c8   Code   RO         9069    i.u8x8_d_ssd1306_sh1106_generic  u8x8_d_ssd1306_128x64_noname.o
    0x080057fc   0x080057fc   0x00000004   Code   RO         9442    i.u8x8_dummy_cb     u8x8_setup.o
    0x08005800   0x08005800   0x0000000c   Code   RO         9361    i.u8x8_gpio_call    u8x8_gpio.o
    0x0800580c   0x0800580c   0x0000002c   Code   RO         8902    i.u8x8_i2c_data_transfer  u8x8_cad.o
    0x08005838   0x08005838   0x00000008   Code   RO         8670    i.u8x8_utf8_init    u8x8_8x8.o
    0x08005840   0x08005840   0x00000038   Code   RO          583    i.udelay            driver_timer.o
    0x08005878   0x08005878   0x00000008   Code   RO         9556    i.ui_down           data.o
    0x08005880   0x08005880   0x00000008   Code   RO         9557    i.ui_left           data.o
    0x08005888   0x08005888   0x00000008   Code   RO         9558    i.ui_right          data.o
    0x08005890   0x08005890   0x00000036   Code   RO         9559    i.ui_run            data.o
    0x080058c6   0x080058c6   0x00000008   Code   RO         9560    i.ui_up             data.o
    0x080058ce   0x080058ce   0x00000026   Code   RO         3506    i.uxListRemove      list.o
    0x080058f4   0x080058f4   0x00000014   Code   RO         4501    i.vApplicationGetIdleTaskMemory  cmsis_os2.o
    0x08005908   0x08005908   0x00000018   Code   RO         4502    i.vApplicationGetTimerTaskMemory  cmsis_os2.o
    0x08005920   0x08005920   0x00000016   Code   RO         3507    i.vListInitialise   list.o
    0x08005936   0x08005936   0x00000006   Code   RO         3508    i.vListInitialiseItem  list.o
    0x0800593c   0x0800593c   0x00000030   Code   RO         3509    i.vListInsert       list.o
    0x0800596c   0x0800596c   0x00000018   Code   RO         3510    i.vListInsertEnd    list.o
    0x08005984   0x08005984   0x00000040   Code   RO         4907    i.vPortEnterCritical  port.o
    0x080059c4   0x080059c4   0x00000028   Code   RO         4908    i.vPortExitCritical  port.o
    0x080059ec   0x080059ec   0x0000005c   Code   RO         4856    i.vPortFree         heap_4.o
    0x08005a48   0x08005a48   0x00000024   Code   RO         4909    i.vPortSetupTimerInterrupt  port.o
    0x08005a6c   0x08005a6c   0x00000054   Code   RO         4910    i.vPortValidateInterruptPriority  port.o
    0x08005ac0   0x08005ac0   0x00000028   Code   RO         3554    i.vQueueAddToRegistry  queue.o
    0x08005ae8   0x08005ae8   0x00000044   Code   RO         3558    i.vQueueWaitForMessageRestricted  queue.o
    0x08005b2c   0x08005b2c   0x0000004c   Code   RO         3952    i.vTaskDelay        tasks.o
    0x08005b78   0x08005b78   0x00000010   Code   RO         3957    i.vTaskInternalSetTimeOutState  tasks.o
    0x08005b88   0x08005b88   0x0000000c   Code   RO         3958    i.vTaskMissedYield  tasks.o
    0x08005b94   0x08005b94   0x00000030   Code   RO         3960    i.vTaskPlaceOnEventList  tasks.o
    0x08005bc4   0x08005bc4   0x00000038   Code   RO         3961    i.vTaskPlaceOnEventListRestricted  tasks.o
    0x08005bfc   0x08005bfc   0x0000007c   Code   RO         3966    i.vTaskResume       tasks.o
    0x08005c78   0x08005c78   0x00000088   Code   RO         3969    i.vTaskStartScheduler  tasks.o
    0x08005d00   0x08005d00   0x0000009c   Code   RO         3970    i.vTaskSuspend      tasks.o
    0x08005d9c   0x08005d9c   0x00000010   Code   RO         3971    i.vTaskSuspendAll   tasks.o
    0x08005dac   0x08005dac   0x00000064   Code   RO         3972    i.vTaskSwitchContext  tasks.o
    0x08005e10   0x08005e10   0x000000a8   Code   RO         4911    i.xPortStartScheduler  port.o
    0x08005eb8   0x08005eb8   0x00000048   Code   RO         3563    i.xQueueGenericCreate  queue.o
    0x08005f00   0x08005f00   0x00000066   Code   RO         3564    i.xQueueGenericCreateStatic  queue.o
    0x08005f66   0x08005f66   0x00000002   PAD
    0x08005f68   0x08005f68   0x00000088   Code   RO         3565    i.xQueueGenericReset  queue.o
    0x08005ff0   0x08005ff0   0x00000160   Code   RO         3566    i.xQueueGenericSend  queue.o
    0x08006150   0x08006150   0x000000bc   Code   RO         3567    i.xQueueGenericSendFromISR  queue.o
    0x0800620c   0x0800620c   0x00000138   Code   RO         3576    i.xQueueReceive     queue.o
    0x08006344   0x08006344   0x00000074   Code   RO         3973    i.xTaskCheckForTimeOut  tasks.o
    0x080063b8   0x080063b8   0x0000005a   Code   RO         3974    i.xTaskCreate       tasks.o
    0x08006412   0x08006412   0x00000056   Code   RO         3975    i.xTaskCreateStatic  tasks.o
    0x08006468   0x08006468   0x0000001c   Code   RO         3979    i.xTaskGetSchedulerState  tasks.o
    0x08006484   0x08006484   0x0000000c   Code   RO         3980    i.xTaskGetTickCount  tasks.o
    0x08006490   0x08006490   0x000000c8   Code   RO         3982    i.xTaskIncrementTick  tasks.o
    0x08006558   0x08006558   0x00000080   Code   RO         3985    i.xTaskPriorityDisinherit  tasks.o
    0x080065d8   0x080065d8   0x00000070   Code   RO         3987    i.xTaskRemoveFromEventList  tasks.o
    0x08006648   0x08006648   0x000000c4   Code   RO         3988    i.xTaskResumeAll    tasks.o
    0x0800670c   0x0800670c   0x00000034   Code   RO         4296    i.xTimerCreate      timers.o
    0x08006740   0x08006740   0x00000060   Code   RO         4298    i.xTimerCreateTimerTask  timers.o
    0x080067a0   0x080067a0   0x00000068   Code   RO         4299    i.xTimerGenericCommand  timers.o
    0x08006808   0x08006808   0x00000024   Data   RO          208    .constdata          freertos.o
    0x0800682c   0x0800682c   0x00000012   Data   RO         1153    .constdata          stm32f1xx_hal_rcc.o
    0x0800683e   0x0800683e   0x00000010   Data   RO         3354    .constdata          system_stm32f1xx.o
    0x0800684e   0x0800684e   0x00000008   Data   RO         3355    .constdata          system_stm32f1xx.o
    0x08006856   0x08006856   0x00000b8c   Data   RO         6268    .constdata          u8g2_fonts.o
    0x080073e2   0x080073e2   0x000007ca   Data   RO         6385    .constdata          u8g2_fonts.o
    0x08007bac   0x08007bac   0x00000632   Data   RO         7072    .constdata          u8g2_fonts.o
    0x080081de   0x080081de   0x0000363a   Data   RO         7322    .constdata          u8g2_fonts.o
    0x0800b818   0x0800b818   0x00002894   Data   RO         7873    .constdata          u8g2_fonts.o
    0x0800e0ac   0x0800e0ac   0x0000000c   Data   RO         8392    .constdata          u8g2_setup.o
    0x0800e0b8   0x0800e0b8   0x00000158   Data   RO         9071    .constdata          u8x8_d_ssd1306_128x64_noname.o
    0x0800e210   0x0800e210   0x0000001e   Data   RO         9562    .constdata          data.o
    0x0800e22e   0x0800e22e   0x0000001e   Data   RO         9563    .constdata          data.o
    0x0800e24c   0x0800e24c   0x0000001e   Data   RO         9564    .constdata          data.o
    0x0800e26a   0x0800e26a   0x0000001e   Data   RO         9565    .constdata          data.o
    0x0800e288   0x0800e288   0x000004b0   Data   RO         9566    .constdata          data.o
    0x0800e738   0x0800e738   0x00000078   Data   RO         9567    .constdata          data.o
    0x0800e7b0   0x0800e7b0   0x00000060   Data   RO         9568    .constdata          data.o
    0x0800e810   0x0800e810   0x000000ac   Data   RO         9635    .constdata          showcalendar.o
    0x0800e8bc   0x0800e8bc   0x00000018   Data   RO         9735    .constdata          showdht11.o
    0x0800e8d4   0x0800e8d4   0x00000032   Data   RO         9790    .constdata          showmenu.o
    0x0800e906   0x0800e906   0x00000032   Data   RO         9841    .constdata          showsetting.o
    0x0800e938   0x0800e938   0x0000000c   Data   RO          209    .conststring        freertos.o
    0x0800e944   0x0800e944   0x00000020   Data   RO        10130    Region$$Table       anon$$obj.o


    Execution Region RW_IRAM1 (Exec base: 0x20000000, Load base: 0x0800e964, Size: 0x0000de30, Max: 0x000c0000, ABSOLUTE, COMPRESSED[0x0000028c])

    Exec Addr    Load Addr    Size         Type   Attr      Idx    E Section Name        Object

    0x20000000   COMPRESSED   0x0000002c   Data   RW          211    .data               freertos.o
    0x2000002c   COMPRESSED   0x00000004   Data   RW          769    .data               beep.o
    0x20000030   COMPRESSED   0x00000004   Data   RW          889    .data               driver_passive_buzzer.o
    0x20000034   COMPRESSED   0x0000000c   Data   RW          990    .data               stm32f1xx_hal.o
    0x20000040   COMPRESSED   0x00000004   Data   RW         3356    .data               system_stm32f1xx.o
    0x20000044   COMPRESSED   0x0000003c   Data   RW         3991    .data               tasks.o
    0x20000080   COMPRESSED   0x00000014   Data   RW         4307    .data               timers.o
    0x20000094   COMPRESSED   0x00000004   Data   RW         4504    .data               cmsis_os2.o
    0x20000098   COMPRESSED   0x00000018   Data   RW         4861    .data               heap_4.o
    0x200000b0   COMPRESSED   0x0000000c   Data   RW         4912    .data               port.o
    0x200000bc   COMPRESSED   0x00000003   Data   RW         8794    .data               u8x8_byte.o
    0x200000bf   COMPRESSED   0x00000006   Data   RW         8904    .data               u8x8_cad.o
    0x200000c5   COMPRESSED   0x00000003   PAD
    0x200000c8   COMPRESSED   0x000000a8   Data   RW         9572    .data               data.o
    0x20000170   COMPRESSED   0x000000a8   Data   RW         9573    .data               data.o
    0x20000218   COMPRESSED   0x000000a8   Data   RW         9574    .data               data.o
    0x200002c0   COMPRESSED   0x000000a8   Data   RW         9575    .data               data.o
    0x20000368   COMPRESSED   0x000000a8   Data   RW         9576    .data               data.o
    0x20000410   COMPRESSED   0x00000034   Data   RW         9693    .data               showclock.o
    0x20000444   COMPRESSED   0x00000058   Data   RW         9801    .data               showmenu.o
    0x2000049c   COMPRESSED   0x00000004   Data   RW         9804    .data               showmenu.o
    0x200004a0   COMPRESSED   0x00000068   Data   RW         9842    .data               showsetting.o
    0x20000508   COMPRESSED   0x00000048   Data   RW         9886    .data               showtimetask.o
    0x20000550        -       0x00000054   Zero   RW          313    .bss                i2c.o
    0x200005a4        -       0x00000048   Zero   RW          355    .bss                tim.o
    0x200005ec        -       0x00000048   Zero   RW          503    .bss                stm32f1xx_hal_timebase_tim.o
    0x20000634        -       0x00000040   Zero   RW         3580    .bss                queue.o
    0x20000674        -       0x000004c4   Zero   RW         3990    .bss                tasks.o
    0x20000b38        -       0x00000118   Zero   RW         4306    .bss                timers.o
    0x20000c50        -       0x000006b8   Zero   RW         4503    .bss                cmsis_os2.o
    0x20001308        -       0x0000c000   Zero   RW         4860    .bss                heap_4.o
    0x2000d308        -       0x00000400   Zero   RW         5837    .bss                u8g2_d_memory.o
    0x2000d708        -       0x00000020   Zero   RW         8793    .bss                u8x8_byte.o
    0x2000d728        -       0x00000094   Zero   RW         9561    .bss                data.o
    0x2000d7bc        -       0x00000014   Zero   RW         9840    .bss                showsetting.o
    0x2000d7d0        -       0x00000060   Zero   RW        10002    .bss                c_w.l(libspace.o)
    0x2000d830        -       0x00000200   Zero   RW            2    HEAP                startup_stm32f103xe.o
    0x2000da30        -       0x00000400   Zero   RW            1    STACK               startup_stm32f103xe.o


==============================================================================

Image component sizes


      Code (inc. data)   RO Data    RW Data    ZI Data      Debug   Object Name

       102         30          0          4          0       6896   beep.o
       380         32          0          4       1720      10606   cmsis_os2.o
       154         22       1536        840        148       5129   data.o
       304         18          0          0          0       4282   driver_dht11.o
        32          6          0          0          0        966   driver_led.o
       264         30          0          4          0       2643   driver_passive_buzzer.o
        82          4          0          0          0       1706   driver_timer.o
         0          0          0          0          0      16244   event_groups.o
       600        212         48         44          0     174787   freertos.o
       264         22          0          0          0       1015   gpio.o
       460         24          0         24      49152       4687   heap_4.o
       156         26          0          0         84       1633   i2c.o
       138          0          0          0          0       3414   list.o
       152          6          0          0          0     496272   main.o
         0          0          0          0          0     159246   mui_u8g2.o
       662         70          0         12          0      10809   port.o
      1584         20          0          0         64      15490   queue.o
       626         46        172          0          0       5324   showcalendar.o
       872         80          0         52          0       3334   showclock.o
       416         48         24          0          0        944   showdht11.o
       256         32          0          0          0        705   showflashlight.o
      1292        108         50         92          0       3812   showmenu.o
      1092        160         50        104         20       4059   showsetting.o
       664         72          0         72          0       2955   showtimetask.o
        64         26        304          0       1536        808   startup_stm32f103xe.o
       100         18          0         12          0       5858   stm32f1xx_hal.o
       192         14          0          0          0      28868   stm32f1xx_hal_cortex.o
       548         48          0          0          0       4130   stm32f1xx_hal_gpio.o
      1398         32          0          0          0       9125   stm32f1xx_hal_i2c.o
        72         10          0          0          0        874   stm32f1xx_hal_msp.o
      1272         82         18          0          0       5178   stm32f1xx_hal_rcc.o
      2044        106          0          0          0      16410   stm32f1xx_hal_tim.o
       128         20          0          0          0       2405   stm32f1xx_hal_tim_ex.o
       152         20          0          0         72       1479   stm32f1xx_hal_timebase_tim.o
        68         12          0          0          0       4385   stm32f1xx_it.o
         0          0          0          0          0       8928   stream_buffer.o
         2          0         24          4          0       1119   system_stm32f1xx.o
      2396        200          0         60       1220      25737   tasks.o
       208         28          0          0         72       2163   tim.o
      1032         82          0         20        280      27878   timers.o
       224          0          0          0          0       2005   u8g2_bitmap.o
       434          0          0          0          0       2208   u8g2_box.o
       232          0          0          0          0       4004   u8g2_buffer.o
       730          0          0          0          0       5906   u8g2_circle.o
        30          0          0          0          0        544   u8g2_cleardisplay.o
        12          4          0          0       1024        796   u8g2_d_memory.o
        80         14          0          0          0       1744   u8g2_d_setup.o
      1402         14          0          0          0      15296   u8g2_font.o
         0          0      30806          0          0     145339   u8g2_fonts.o
       320          0          0          0          0       4102   u8g2_hvline.o
        72          0          0          0          0       1819   u8g2_intersection.o
       178          0          0          0          0        960   u8g2_line.o
       144          0          0          0          0       1342   u8g2_ll_hvline.o
       328          0         12          0          0     146563   u8g2_setup.o
        22          0          0          0          0       1753   u8x8_8x8.o
       146         12          0          3         32       5147   u8x8_byte.o
       416         12          0          6          0       8476   u8x8_cad.o
       260         12        344          0          0       3007   u8x8_d_ssd1306_128x64_noname.o
       200          0          0          0          0       4126   u8x8_display.o
        12          0          0          0          0        561   u8x8_gpio.o
        74          4          0          0          0       1666   u8x8_setup.o

    ----------------------------------------------------------------------
     25586       1838      33420       1360      55424    1439667   Object Totals
         0          0         32          0          0          0   (incl. Generated)
        42          0          0          3          0          0   (incl. Padding)

    ----------------------------------------------------------------------

      Code (inc. data)   RO Data    RW Data    ZI Data      Debug   Library Member Name

        90          0          0          0          0          0   __dczerorl2.o
         8          0          0          0          0         68   __main.o
         0          0          0          0          0          0   __rtentry.o
        12          0          0          0          0          0   __rtentry2.o
         6          0          0          0          0          0   __rtentry4.o
        52          8          0          0          0          0   __scatter.o
        28          0          0          0          0          0   __scatter_zi.o
        16          0          0          0          0         68   aeabi_memset.o
        18          0          0          0          0         80   exit.o
         6          0          0          0          0        152   heapauxi.o
         0          0          0          0          0          0   indicate_semi.o
         2          0          0          0          0          0   libinit.o
         2          0          0          0          0          0   libinit2.o
         2          0          0          0          0          0   libshutdown.o
         2          0          0          0          0          0   libshutdown2.o
         8          4          0          0         96         68   libspace.o
        68          0          0          0          0         68   rt_memclr.o
        78          0          0          0          0         80   rt_memclr_w.o
       138          0          0          0          0         68   rt_memcpy_v6.o
       100          0          0          0          0         80   rt_memcpy_w.o
         2          0          0          0          0          0   rtexit.o
        10          0          0          0          0          0   rtexit2.o
        12          4          0          0          0         68   sys_exit.o
        74          0          0          0          0         80   sys_stackheap_outer.o
         2          0          0          0          0         68   use_no_semi.o

    ----------------------------------------------------------------------
       742         16          0          0         96        948   Library Totals
         6          0          0          0          0          0   (incl. Padding)

    ----------------------------------------------------------------------

      Code (inc. data)   RO Data    RW Data    ZI Data      Debug   Library Name

       736         16          0          0         96        948   c_w.l

    ----------------------------------------------------------------------
       742         16          0          0         96        948   Library Totals

    ----------------------------------------------------------------------

==============================================================================


      Code (inc. data)   RO Data    RW Data    ZI Data      Debug   

     26328       1854      33420       1360      55520    1426207   Grand Totals
     26328       1854      33420        652      55520    1426207   ELF Image Totals (compressed)
     26328       1854      33420        652          0          0   ROM Totals

==============================================================================

    Total RO  Size (Code + RO Data)                59748 (  58.35kB)
    Total RW  Size (RW Data + ZI Data)             56880 (  55.55kB)
    Total ROM Size (Code + RO Data + RW Data)      60400 (  58.98kB)

==============================================================================

